✔ AggValue reads through value callback without destroying shared Mem context (10.253087ms)
✔ special-window window1-5.1 (149.273036ms)
✔ special-window window1-5.2 (16.222266ms)
✔ special-window window1-5.3 (16.543812ms)
✔ special-window window1-6.3 (10.961518ms)
✔ special-window window1-7.1.1 (7.992032ms)
✔ special-window window1-7.1.6 (8.168835ms)
✔ special-window window1-7.1.7 (7.625445ms)
✔ special-window window1-7.1.8 (6.666641ms)
✔ special-window window1-7.2 (23.03583ms)
✔ special-window window1-7.3 (10.421998ms)
✔ special-window window1-7.4 (13.453256ms)
✔ special-window ranking-peers-null-collation (32.427242ms)
✔ special-window ranking-no-order-singleton (22.367411ms)
✔ special-window ntile-large-buckets (10.536408ms)
✔ special-window ntile-parameter-reset (13.581623ms)
✔ special-window lead-lag-arities-offsets (21.879089ms)
✔ special-window lead-null-offset (19.081034ms)
✔ special-window value-rows-frame (16.353095ms)
✔ special-window value-groups-exclude-current (16.720756ms)
✔ special-window value-range-exclude-ties (12.983343ms)
✔ special-window value-exclude-group (11.060334ms)
✔ special-window nth-zero (7.711231ms)
✔ special-window nth-real (11.478443ms)
✔ special-window nth-text (10.054923ms)
✔ special-window coercion-explicit-frames (16.824336ms)
✔ special-window filter-special-rejected (7.062948ms)
✔ special-window wrong-arity-lead (7.366622ms)
✔ special-window wrong-arity-nth (8.313071ms)
✔ special-window placement-nested (7.877136ms)
✔ special-window window-inside-window (6.325456ms)
✔ special-window sharing-mixed-special (19.191031ms)
✔ special-window join-compose (25.102351ms)
✔ special-window group-compose (23.048662ms)
✔ special-window subquery-compose (21.761005ms)
✔ special-window cte-compose (14.870833ms)
✔ special-window recursive-compose (19.144942ms)
✔ special-window compound-compose (23.551502ms)
✔ special-window utf8 (16.179203ms)
✔ special-window utf16le (15.27392ms)
✔ special-window utf16be (15.458608ms)
✔ special-window interrupt (12.795458ms)
✔ special-window denominator (0.668614ms)
ℹ tests 43
ℹ suites 0
ℹ pass 43
ℹ fail 0
ℹ cancelled 0
ℹ skipped 0
ℹ todo 0
ℹ duration_ms 4436.579925
