✔ R6 residual utf8/right-inner (94.375472ms)
✔ R6 residual utf8/full-inner (21.719335ms)
✔ R6 residual utf8/full-left (17.400834ms)
✔ R6 residual utf8/retention (19.734007ms)
✔ R6 residual utf8/ltorj (16.210958ms)
✔ R6 residual utf8/scalar (18.414311ms)
✔ R6 residual utf8/exists (14.447624ms)
✔ R6 residual utf8/left-null (17.267152ms)
✔ R6 residual utf16le/right-inner (13.368619ms)
✔ R6 residual utf16le/full-inner (15.616276ms)
✔ R6 residual utf16le/full-left (12.578544ms)
✔ R6 residual utf16le/retention (14.177685ms)
✔ R6 residual utf16le/ltorj (10.901755ms)
✔ R6 residual utf16le/scalar (9.886061ms)
✔ R6 residual utf16le/exists (10.856068ms)
✔ R6 residual utf16le/left-null (14.610234ms)
✔ R6 residual utf16be/right-inner (10.902678ms)
✔ R6 residual utf16be/full-inner (10.004818ms)
✔ R6 residual utf16be/full-left (9.822282ms)
✔ R6 residual utf16be/retention (13.068156ms)
✔ R6 residual utf16be/ltorj (10.221228ms)
✔ R6 residual utf16be/scalar (10.762363ms)
✔ R6 residual utf16be/exists (11.256619ms)
✔ R6 residual utf16be/left-null (11.442104ms)
✔ R6 matched rejection positioning utf8 (13.373774ms)
✔ R6 matched rejection positioning utf16le (9.977298ms)
✔ R6 matched rejection positioning utf16be (9.845003ms)
✔ R6 selected continuation first error cleanup utf8 (10.291891ms)
✔ R6 selected continuation first error cleanup utf16le (10.418915ms)
✔ R6 selected continuation first error cleanup utf16be (9.087173ms)
✔ R6 owning positioning utf8/full-inner (10.380257ms)
✔ R6 owning positioning utf8/full-left (8.650118ms)
✔ R6 owning positioning utf8/scalar (11.258478ms)
✔ R6 owning positioning utf8/exists (10.013464ms)
✔ R6 owning positioning utf8/ltorj (10.158411ms)
✔ R6 owning positioning utf16le/full-inner (10.084961ms)
✔ R6 owning positioning utf16le/full-left (7.842558ms)
✔ R6 owning positioning utf16le/scalar (9.540863ms)
✔ R6 owning positioning utf16le/exists (10.009109ms)
✔ R6 owning positioning utf16le/ltorj (9.812527ms)
✔ R6 owning positioning utf16be/full-inner (9.693343ms)
✔ R6 owning positioning utf16be/full-left (8.829526ms)
✔ R6 owning positioning utf16be/scalar (10.498116ms)
✔ R6 owning positioning utf16be/exists (10.110115ms)
✔ R6 owning positioning utf16be/ltorj (9.927051ms)
✔ R6 actual work cleanup utf8 (6.430459ms)
✔ R6 actual work cleanup utf16le (7.581098ms)
✔ R6 actual work cleanup utf16be (5.766473ms)
ℹ tests 48
ℹ suites 0
ℹ pass 48
ℹ fail 0
ℹ cancelled 0
ℹ skipped 0
ℹ todo 0
ℹ duration_ms 1016.384309
