✔ atomic WITHOUT ROWID barrier boundary utf8 (84.490522ms)
✔ atomic WITHOUT ROWID barrier boundary utf16le (15.076842ms)
✔ atomic WITHOUT ROWID barrier boundary utf16be (11.64856ms)
✔ native acceptance utf8/right-right (31.005064ms)
✔ native acceptance utf8/full-full (25.292701ms)
✔ native acceptance utf8/right-full (18.1929ms)
✔ native acceptance utf8/full-right (19.317207ms)
✔ native acceptance utf8/downstream-inner (14.819734ms)
✔ native acceptance utf8/downstream-left (18.676805ms)
✔ native acceptance utf8/mixed-left (14.03189ms)
✔ native acceptance utf8/empty-first (11.60991ms)
✔ native acceptance utf8/empty-middle (7.223422ms)
✔ native acceptance utf8/empty-last (7.559875ms)
✔ native acceptance utf8/on-filter (21.254796ms)
✔ native acceptance utf8/where-filter (19.860519ms)
✔ native acceptance utf8/using (22.124389ms)
✔ native acceptance utf8/natural (21.708879ms)
✔ native acceptance utf8/alias-on (22.098134ms)
✔ native acceptance utf8/aggregate (24.064023ms)
✔ native acceptance utf8/window (36.39313ms)
✔ native acceptance utf8/correlated (30.496963ms)
✔ native acceptance utf8/rebind (26.987196ms)
✔ native acceptance utf8/resolution-error (8.365063ms)
✔ native acceptance utf16le/right-right (13.681838ms)
✔ native acceptance utf16le/full-full (13.946511ms)
✔ native acceptance utf16le/right-full (16.038583ms)
✔ native acceptance utf16le/full-right (17.185184ms)
✔ native acceptance utf16le/downstream-inner (13.754745ms)
✔ native acceptance utf16le/downstream-left (13.658689ms)
✔ native acceptance utf16le/mixed-left (11.614939ms)
✔ native acceptance utf16le/empty-first (9.526253ms)
✔ native acceptance utf16le/empty-middle (9.317602ms)
✔ native acceptance utf16le/empty-last (9.140363ms)
✔ native acceptance utf16le/on-filter (23.821756ms)
✔ native acceptance utf16le/where-filter (13.62444ms)
✔ native acceptance utf16le/using (22.231787ms)
✔ native acceptance utf16le/natural (17.736472ms)
✔ native acceptance utf16le/alias-on (17.206052ms)
✔ native acceptance utf16le/aggregate (22.372816ms)
✔ native acceptance utf16le/window (21.584075ms)
✔ native acceptance utf16le/correlated (28.51046ms)
✔ native acceptance utf16le/rebind (26.924898ms)
✔ native acceptance utf16le/resolution-error (8.210068ms)
✔ native acceptance utf16be/right-right (13.849021ms)
✔ native acceptance utf16be/full-full (15.765476ms)
✔ native acceptance utf16be/right-full (17.171855ms)
✔ native acceptance utf16be/full-right (17.051674ms)
✔ native acceptance utf16be/downstream-inner (13.514721ms)
✔ native acceptance utf16be/downstream-left (13.633556ms)
✔ native acceptance utf16be/mixed-left (12.821356ms)
✔ native acceptance utf16be/empty-first (10.010269ms)
✔ native acceptance utf16be/empty-middle (6.400451ms)
✔ native acceptance utf16be/empty-last (8.00042ms)
✔ native acceptance utf16be/on-filter (19.869786ms)
✔ native acceptance utf16be/where-filter (12.486598ms)
✔ native acceptance utf16be/using (21.227108ms)
✔ native acceptance utf16be/natural (18.339048ms)
✔ native acceptance utf16be/alias-on (16.478524ms)
✔ native acceptance utf16be/aggregate (15.70646ms)
✔ native acceptance utf16be/window (18.183746ms)
✔ native acceptance utf16be/correlated (27.611528ms)
✔ native acceptance utf16be/rebind (21.172113ms)
✔ native acceptance utf16be/resolution-error (6.52953ms)
✔ multi-barrier first-error controls utf8 (24.532162ms)
✔ multi-barrier aggregate shared private budget utf8 (7.340884ms)
✔ multi-barrier first-error controls utf16le (19.414568ms)
✔ multi-barrier aggregate shared private budget utf16le (6.077324ms)
✔ multi-barrier first-error controls utf16be (20.724456ms)
✔ multi-barrier aggregate shared private budget utf16be (5.985285ms)
✔ multi-barrier cleanup utf8/{"maxPrivateEntries":0} (6.302735ms)
✔ multi-barrier cleanup utf8/{"maxPrivateKeyBytes":0} (6.831175ms)
✔ multi-barrier cleanup utf8/{"maxPrivateBytes":0} (8.622954ms)
✔ multi-barrier cancelled after suspension utf8 (10.987249ms)
✔ multi-barrier cleanup utf16le/{"maxPrivateEntries":0} (5.873081ms)
✔ multi-barrier cleanup utf16le/{"maxPrivateKeyBytes":0} (5.796307ms)
✔ multi-barrier cleanup utf16le/{"maxPrivateBytes":0} (6.930137ms)
✔ multi-barrier cancelled after suspension utf16le (11.233698ms)
✔ multi-barrier cleanup utf16be/{"maxPrivateEntries":0} (6.526212ms)
✔ multi-barrier cleanup utf16be/{"maxPrivateKeyBytes":0} (5.844802ms)
✔ multi-barrier cleanup utf16be/{"maxPrivateBytes":0} (6.012255ms)
✔ multi-barrier cancelled after suspension utf16be (9.559943ms)
{"encoding":"utf8","peak":225,"owners":[{"store":0,"keys":["1"],"bytes":8},{"store":1,"keys":["1","2"],"bytes":16}],"commonBudget":true}
✔ distinct simultaneous match owners and aggregate budget utf8 (39.416348ms)
{"encoding":"utf16le","peak":224,"owners":[{"store":0,"keys":["1"],"bytes":8},{"store":1,"keys":["1","2"],"bytes":16}],"commonBudget":true}
✔ distinct simultaneous match owners and aggregate budget utf16le (37.092509ms)
{"encoding":"utf16be","peak":224,"owners":[{"store":0,"keys":["1"],"bytes":8},{"store":1,"keys":["1","2"],"bytes":16}],"commonBudget":true}
✔ distinct simultaneous match owners and aggregate budget utf16be (36.793675ms)
shared aggregate/match utf8 logical byte high-water=225; boundary 224 rejects, 225 succeeds
✔ multi-barrier nonzero simultaneous aggregate/match byte boundary utf8 (37.285124ms)
shared aggregate/match utf16le logical byte high-water=224; boundary 223 rejects, 224 succeeds
✔ multi-barrier nonzero simultaneous aggregate/match byte boundary utf16le (37.531686ms)
shared aggregate/match utf16be logical byte high-water=224; boundary 223 rejects, 224 succeeds
✔ multi-barrier nonzero simultaneous aggregate/match byte boundary utf16be (37.299822ms)
✔ multi-barrier actual yielded work deadline cancellation utf8 (167.434682ms)
✔ multi-barrier actual yielded work deadline cancellation utf16le (187.008461ms)
✔ multi-barrier actual yielded work deadline cancellation utf16be (186.853633ms)
✔ mixed merged USING utf8/FULL-RIGHT (21.449328ms)
✔ mixed merged USING utf8/RIGHT-FULL (16.89662ms)
✔ mixed merged USING utf8/FULL-LEFT (17.257539ms)
✔ mixed merged USING utf16le/FULL-RIGHT (12.242746ms)
✔ mixed merged USING utf16le/RIGHT-FULL (12.478386ms)
✔ mixed merged USING utf16le/FULL-LEFT (13.834461ms)
✔ mixed merged USING utf16be/FULL-RIGHT (10.35268ms)
✔ mixed merged USING utf16be/RIGHT-FULL (12.620653ms)
✔ mixed merged USING utf16be/FULL-LEFT (12.945805ms)
✔ repeated continuation utf8/merged-group-call (23.038919ms)
✔ repeated continuation utf8/derived-group-expression (26.580842ms)
✔ repeated continuation utf8/derived-filter-admitted (27.114566ms)
✔ repeated continuation utf8/derived-filter-expression (6.660514ms)
✔ repeated continuation utf8/limit-zero (7.020175ms)
✔ repeated continuation utf8/limit-drain (13.468219ms)
✔ repeated continuation utf8/scalar-stop (14.001332ms)
✔ repeated continuation utf8/exists-stop (14.390243ms)
✔ repeated continuation utf8/compound-limit (11.742775ms)
✔ repeated continuation utf8/downstream-in (24.850647ms)
✔ repeated continuation utf8/rhs-index-drain (16.254477ms)
✔ repeated continuation utf16le/merged-group-call (16.52967ms)
✔ repeated continuation utf16le/derived-group-expression (17.614289ms)
✔ repeated continuation utf16le/derived-filter-admitted (15.827302ms)
✔ repeated continuation utf16le/derived-filter-expression (5.640198ms)
✔ repeated continuation utf16le/limit-zero (5.357275ms)
✔ repeated continuation utf16le/limit-drain (10.540203ms)
✔ repeated continuation utf16le/scalar-stop (10.420295ms)
✔ repeated continuation utf16le/exists-stop (13.047621ms)
✔ repeated continuation utf16le/compound-limit (9.752023ms)
✔ repeated continuation utf16le/downstream-in (21.484383ms)
✔ repeated continuation utf16le/rhs-index-drain (16.566611ms)
✔ repeated continuation utf16be/merged-group-call (15.251555ms)
✔ repeated continuation utf16be/derived-group-expression (18.042028ms)
✔ repeated continuation utf16be/derived-filter-admitted (15.760897ms)
✔ repeated continuation utf16be/derived-filter-expression (6.195625ms)
✔ repeated continuation utf16be/limit-zero (8.601438ms)
✔ repeated continuation utf16be/limit-drain (11.310654ms)
✔ repeated continuation utf16be/scalar-stop (10.522793ms)
✔ repeated continuation utf16be/exists-stop (22.806155ms)
✔ repeated continuation utf16be/compound-limit (10.818426ms)
✔ repeated continuation utf16be/downstream-in (24.377402ms)
✔ repeated continuation utf16be/rhs-index-drain (14.641176ms)
ℹ tests 132
ℹ suites 0
ℹ pass 132
ℹ fail 0
ℹ cancelled 0
ℹ skipped 0
ℹ todo 0
ℹ duration_ms 3084.081571
