.gitignore
AGENTS.md
README.md
docs/CONFORMANCE.md
docs/PLAN.md
docs/SPEC.md
docs/SQLITE_SOURCE_MAP.md
docs/TRANSLATION.md
docs/api.md
docs/architecture/cte-source-model.md
docs/architecture/multi-source-select.md
docs/file-format.md
docs/oracle.md
docs/research/card-e-m-public-catalog.md
docs/research/card-i-a-audit-expression-callers.md
docs/research/card-i-a-chinook-b1-b5.md
docs/research/card-i-a-expression-function-baseline.md
docs/research/card-i-a-in-list-audit.md
docs/research/card-k-h-b-runtime/closure.json
docs/research/card-k-h-b-runtime/hashes.json
docs/research/card-k-h-b-runtime/preservation.json
docs/research/card-k-h-b-runtime/progress.md
docs/research/card-k-h-b-runtime/r4-closure.json
docs/research/card-k-h-b-runtime/r4-preservation.json
docs/research/card-k-h-b-runtime/r4.md
docs/research/card-k-h-b-runtime/r5-closure.json
docs/research/card-k-h-b-runtime/r5-preservation.json
docs/research/card-k-h-b-runtime/r5.md
docs/research/card-k-h-b-runtime/r6-closure.json
docs/research/card-k-h-b-runtime/r6-preservation.json
docs/research/card-k-h-b-runtime/r6.md
docs/research/card-p-a-a-final-assessment.md
docs/research/card-p-a-a-ordinary-scalars.md
docs/research/card-p-b-c-pattern-count-diagnosis.md
docs/research/card-q-a-a-date-time.md
docs/research/card-r-f/README.md
docs/research/card-r-f/capture-corrections.py
docs/research/card-r-f/capture.py
docs/research/card-r-f/cases.json
docs/research/card-r-f/correction-cases.json
docs/research/card-r-f/correction-native.jsonl
docs/research/card-r-f/native.jsonl
docs/research/card-s-d-a-ordered-where.md
docs/research/card-s-e-b-evidence-delivery.json
docs/research/card-s-e-b-evidence-delivery.md
docs/research/card-s-e-c-committed-command-hashes.json
docs/research/card-s-e-c-committed-integration.md
docs/research/card-s-e-c-committed-width-inventory.json
docs/research/card-s-e-c-integration-diagnosis.md
docs/research/card-s-e-c-reopened-command-hashes.json
docs/research/card-s-e-c-reopened-evidence-inventory.json
docs/research/card-s-e-c-reopened-integration.md
docs/research/card-s-e-d-committed-evidence-closure.json
docs/research/card-s-e-d-runtime-review.md
docs/research/card-s-e-estimate-census.md
docs/research/card-s-e-implementation-review.md
docs/research/card-s-e-parent-review-request.md
docs/research/card-s-e-row-width-inventory.txt
docs/research/card-s-e-row-width.md
docs/research/card-t-a-final-report.md
docs/research/card-t-a-select-seams.md
docs/research/card-t-b-select-entry.md
docs/research/card-t-d-routed-alias-b4-repair.md
docs/research/card-u-consolidation.md
docs/research/card-u-history/PLAN.md
docs/research/card-u-history/README.md
docs/research/card-u-history/SQLITE_SOURCE_MAP.md
docs/research/card-u-history/TRANSLATION.md
docs/research/card-u-history/api.md
docs/research/card-u-history/manifest.json
docs/research/card-u-history/oracle.md
docs/research/card-u-history/root-README.md
docs/research/card-v-a-package-evidence.md
docs/research/card-v-a-package/evidence.json
docs/research/card-v-c-demo-evidence.md
docs/research/card-v-private-alpha.md
docs/research/card-w-current-integration-outcome.md
docs/research/card-w-integration-diagnosis.md
docs/research/seek-rowid-numeric-repair.md
docs/reviews/translation-fidelity-2026-09-14.md
examples/browser/CHINOOK-LICENSE.md
examples/browser/README.md
examples/browser/albums.sql
examples/browser/app.js
examples/browser/chinook.sqlite
examples/browser/expected.json
examples/browser/index.html
examples/browser/query.js
examples/browser/types.sql
examples/read-only.ts
package-lock.json
package.json
reference/sqlite/manifest.json
review.md
src/generated/keyword-table.ts
src/generated/parser-tables.ts
src/index.ts
src/internal/admission.ts
src/internal/btree.ts
src/internal/comparison.ts
src/internal/cte.ts
src/internal/date-time.ts
src/internal/functions.ts
src/internal/json.ts
src/internal/lemon-runtime.ts
src/internal/math.ts
src/internal/mem.ts
src/internal/ordinary-scalars.ts
src/internal/parse.ts
src/internal/pattern.ts
src/internal/printf.ts
src/internal/private-state.ts
src/internal/record.ts
src/internal/resolve.ts
src/internal/schema.ts
src/internal/select-compiler.ts
src/internal/select-program.ts
src/internal/sqlite-case.ts
src/internal/storage.ts
src/internal/tokenize.ts
src/internal/utf.ts
src/internal/vdbe-primitives.ts
src/internal/vdbe.ts
src/internal/where-plan.ts
src/internal/window-rewrite.ts
test-d/api.test.ts
test/acquisition/open-http.test.mjs
test/browser/BUDGET-GAP.md
test/browser/CHINOOK-LICENSE.md
test/browser/LANES.md
test/browser/README.md
test/browser/assertions.mjs
test/browser/budget-native.json
test/browser/capture-budget.py
test/browser/capture-json.py
test/browser/capture-window.py
test/browser/json-native.json
test/browser/lane-documentation.test.mjs
test/browser/observe-window-budget.mjs
test/browser/run.mjs
test/browser/window-native.json
test/conformance/accounting.test.py
test/conformance/advanced-index-manifest.test.py
test/conformance/aggregate-context-opcodes.test.mjs
test/conformance/aggregate-group-chinook-regressions.test.mjs
test/conformance/aggregate-group-lifecycle.test.mjs
test/conformance/aggregate-group-manifest.test.py
test/conformance/aggregate-sum-context.test.mjs
test/conformance/aggregate-sum-native.py
test/conformance/aggregate-window-contract-manifest.test.py
test/conformance/aggregate-window-docs.test.py
test/conformance/aggregate-window-private-controls.test.mjs
test/conformance/audit-chinook-b1-b5-manifest.test.py
test/conformance/audit-expression-callers-manifest.test.py
test/conformance/audit-in-list-manifest.test.py
test/conformance/between-controls.test.mjs
test/conformance/between-lowering.test.mjs
test/conformance/candidate-lifecycle-public.test.mjs
test/conformance/canonical-c1-c6-checkpoint.test.mjs
test/conformance/capture-advanced-index.py
test/conformance/capture-aggregate-group.py
test/conformance/capture-aggregate-window.py
test/conformance/capture-audit-chinook-b1-b5.py
test/conformance/capture-audit-expression-callers.py
test/conformance/capture-audit-in-list.py
test/conformance/capture-candidate-lifecycle.py
test/conformance/capture-canonical-c1-c6-checkpoint.py
test/conformance/capture-cte-architecture.py
test/conformance/capture-date-time.py
test/conformance/capture-expression-function-boundaries.py
test/conformance/capture-expression-functions.py
test/conformance/capture-in-range-branch.py
test/conformance/capture-in-range-stat.py
test/conformance/capture-index-planner.py
test/conformance/capture-math.py
test/conformance/capture-multisource-select.py
test/conformance/capture-ordinary-scalars.py
test/conformance/capture-outer-constraints.py
test/conformance/capture-relational-working-state.py
test/conformance/capture-repeated-continuation.py
test/conformance/capture-right-nested.py
test/conformance/capture-right-residual.py
test/conformance/capture-row-width-autoindex.py
test/conformance/capture-row-width-callback.py
test/conformance/capture-row-width-conflict-error.py
test/conformance/capture-row-width-conflict-promotion.py
test/conformance/capture-row-width-conflict-wr-explicit.py
test/conformance/capture-row-width-conflict.py
test/conformance/capture-row-width-cost-branches.py
test/conformance/capture-row-width-declared-bytes.py
test/conformance/capture-row-width-declared-controls.py
test/conformance/capture-row-width-declared-utf16.py
test/conformance/capture-row-width-declared.py
test/conformance/capture-row-width-insertion-tie.py
test/conformance/capture-row-width-invalid-utf16.py
test/conformance/capture-row-width-invalid.py
test/conformance/capture-row-width-ipk.py
test/conformance/capture-row-width-left-in-reset.py
test/conformance/capture-row-width-left-in-transitions.py
test/conformance/capture-row-width-merged-pk.py
test/conformance/capture-row-width-real-metadata.py
test/conformance/capture-row-width-reverse-order.py
test/conformance/capture-row-width-rowid-promotion.py
test/conformance/capture-row-width-singleton-order.py
test/conformance/capture-row-width-unsupported-collation.py
test/conformance/capture-row-width-utf16.py
test/conformance/capture-row-width-wr-autoindex.py
test/conformance/capture-row-width-wr-collation.py
test/conformance/capture-row-width-wr-duplicate.py
test/conformance/capture-row-width-wr-ipk-controls.py
test/conformance/capture-row-width-wr-ipk.py
test/conformance/capture-row-width-wr-joined.py
test/conformance/capture-row-width-wr-unknown-collation.py
test/conformance/capture-row-width.py
test/conformance/capture-seek-rowid-numeric.py
test/conformance/capture-selected-in-integration.py
test/conformance/capture-special-window.py
test/conformance/capture-subquery-view.py
test/conformance/capture-three-in.py
test/conformance/capture-where-operand-admission.py
test/conformance/capture-where-order-consumption.py
test/conformance/capture-window.py
test/conformance/capture-without-rowid-joined.py
test/conformance/cases/audit-chinook-b1-b5.json
test/conformance/cases/audit-chinook-b1-b5.spec.json
test/conformance/cases/audit-expression-callers.json
test/conformance/cases/audit-expression-callers.spec.json
test/conformance/cases/audit-in-list.json
test/conformance/cases/audit-in-list.spec.json
test/conformance/cases/candidate-lifecycle-native.json
test/conformance/cases/canonical-c1-c6-checkpoint.json
test/conformance/cases/in-range-branch-applicability.json
test/conformance/cases/in-range-stat-native.json
test/conformance/cases/order-limit-subquery-native.json
test/conformance/cases/outer-constraints.json
test/conformance/cases/repeated-continuation.json
test/conformance/cases/repeated-merged-using.json
test/conformance/cases/right-nested.json
test/conformance/cases/right-residual.json
test/conformance/cases/row-width-autoindex-native.json
test/conformance/cases/row-width-callback-native.json
test/conformance/cases/row-width-conflict-error-native.json
test/conformance/cases/row-width-conflict-native.json
test/conformance/cases/row-width-conflict-promotion-native.json
test/conformance/cases/row-width-conflict-wr-explicit-native.json
test/conformance/cases/row-width-cost-branches.json
test/conformance/cases/row-width-declared-bytes-native.json
test/conformance/cases/row-width-declared-controls-native.json
test/conformance/cases/row-width-declared-native.json
test/conformance/cases/row-width-declared-utf16-native.json
test/conformance/cases/row-width-insertion-tie-native.json
test/conformance/cases/row-width-invalid-native.json
test/conformance/cases/row-width-invalid-utf16-native.json
test/conformance/cases/row-width-ipk-native.json
test/conformance/cases/row-width-left-in-reset-native.json
test/conformance/cases/row-width-left-in-transitions-native.json
test/conformance/cases/row-width-merged-pk-native.json
test/conformance/cases/row-width-native.json
test/conformance/cases/row-width-real-metadata-native.json
test/conformance/cases/row-width-reverse-order-native.json
test/conformance/cases/row-width-rowid-promotion-native.json
test/conformance/cases/row-width-singleton-order.json
test/conformance/cases/row-width-unsupported-collation.json
test/conformance/cases/row-width-utf16-native.json
test/conformance/cases/row-width-wr-autoindex-native.json
test/conformance/cases/row-width-wr-collation-native.json
test/conformance/cases/row-width-wr-duplicate-native.json
test/conformance/cases/row-width-wr-ipk-controls-native.json
test/conformance/cases/row-width-wr-ipk-native.json
test/conformance/cases/row-width-wr-joined-native.json
test/conformance/cases/row-width-wr-unknown-collation.json
test/conformance/cases/row-width-wr-unknown-native.json
test/conformance/cases/seek-rowid-numeric-native.json
test/conformance/cases/selected-in-integration-native.json
test/conformance/cases/stage2-initial.json
test/conformance/cases/stage2-ts.json
test/conformance/cases/stage3-advanced-index.json
test/conformance/cases/stage3-advanced-index.spec.json
test/conformance/cases/stage3-aggregate-group.json
test/conformance/cases/stage3-aggregate-group.spec.json
test/conformance/cases/stage3-aggregate-window.json
test/conformance/cases/stage3-aggregate-window.spec.json
test/conformance/cases/stage3-comparison-key.json
test/conformance/cases/stage3-compound-values-boundaries.json
test/conformance/cases/stage3-compound-values-boundaries.spec.json
test/conformance/cases/stage3-compound-values.json
test/conformance/cases/stage3-compound-values.spec.json
test/conformance/cases/stage3-cte-architecture.json
test/conformance/cases/stage3-cte-architecture.spec.json
test/conformance/cases/stage3-date-time.native.json
test/conformance/cases/stage3-date-time.spec.json
test/conformance/cases/stage3-expression-function-boundaries.json
test/conformance/cases/stage3-expression-functions.json
test/conformance/cases/stage3-expression-functions.spec.json
test/conformance/cases/stage3-first-select.json
test/conformance/cases/stage3-index-planner.json
test/conformance/cases/stage3-index-planner.spec.json
test/conformance/cases/stage3-math.native.json
test/conformance/cases/stage3-math.spec.json
test/conformance/cases/stage3-mem.json
test/conformance/cases/stage3-multisource-select.json
test/conformance/cases/stage3-multisource-select.spec.json
test/conformance/cases/stage3-order-limit-contract.json
test/conformance/cases/stage3-order-limit-contract.spec.json
test/conformance/cases/stage3-ordinary-scalars.native.json
test/conformance/cases/stage3-ordinary-scalars.spec.json
test/conformance/cases/stage3-recursive-cte.json
test/conformance/cases/stage3-recursive-cte.spec.json
test/conformance/cases/stage3-relational-working-state.json
test/conformance/cases/stage3-relational-working-state.spec.json
test/conformance/cases/stage3-special-window.json
test/conformance/cases/stage3-special-window.spec.json
test/conformance/cases/stage3-storage.json
test/conformance/cases/stage3-subquery-view-companions.spec.json
test/conformance/cases/stage3-subquery-view.json
test/conformance/cases/stage3-subquery-view.spec.json
test/conformance/cases/stage3-vdbe-primitives.json
test/conformance/cases/stage3-window.json
test/conformance/cases/stage3-window.spec.json
test/conformance/cases/stat-format-boundary.json
test/conformance/cases/stat-record-boundary.json
test/conformance/cases/stat-record-corruption.json
test/conformance/cases/stat4-enabled-boundary.json
test/conformance/cases/three-in-native.json
test/conformance/cases/without-rowid-joined-native.json
test/conformance/close-test-server.mjs
test/conformance/close-test-server.test.mjs
test/conformance/comparison-key-manifest.test.py
test/conformance/comparison-key-native-boundaries.py
test/conformance/comparison-key-record-oracle.c
test/conformance/compound-collation.test.mjs
test/conformance/compound-private-key-position.test.mjs
test/conformance/compound-union-all.test.mjs
test/conformance/compound-values-boundaries.test.py
test/conformance/compound-values-manifest.test.py
test/conformance/compound-values-unsupported.test.mjs
test/conformance/cte-admission.test.mjs
test/conformance/cte-architecture-manifest.test.py
test/conformance/cte-chinook-lead.test.mjs
test/conformance/cte-execution.test.mjs
test/conformance/cte-opcodes.test.mjs
test/conformance/date-time-manifest.test.py
test/conformance/derived-values-registers.test.mjs
test/conformance/expression-function-boundaries.test.py
test/conformance/expression-functions-manifest.test.py
test/conformance/expression-subquery-chinook-native.py
test/conformance/expression-subquery-chinook.test.mjs
test/conformance/expression-subquery-composition.test.mjs
test/conformance/first-select-manifest.test.py
test/conformance/fixture-server.mjs
test/conformance/fixture-server.test.mjs
test/conformance/fixtures/advanced-index-utf16be-corrupt-expression-root-page.db
test/conformance/fixtures/advanced-index-utf16be-corrupt-partial-root-page.db
test/conformance/fixtures/advanced-index-utf16be-corrupt-selected-index-overflow-page.db
test/conformance/fixtures/advanced-index-utf16be-corrupt-selected-secondary-root-page.db
test/conformance/fixtures/advanced-index-utf16be.db
test/conformance/fixtures/advanced-index-utf16le-corrupt-expression-root-page.db
test/conformance/fixtures/advanced-index-utf16le-corrupt-partial-root-page.db
test/conformance/fixtures/advanced-index-utf16le-corrupt-selected-index-overflow-page.db
test/conformance/fixtures/advanced-index-utf16le-corrupt-selected-secondary-root-page.db
test/conformance/fixtures/advanced-index-utf16le.db
test/conformance/fixtures/advanced-index-utf8-corrupt-expression-root-page.db
test/conformance/fixtures/advanced-index-utf8-corrupt-partial-root-page.db
test/conformance/fixtures/advanced-index-utf8-corrupt-selected-index-overflow-page.db
test/conformance/fixtures/advanced-index-utf8-corrupt-selected-secondary-root-page.db
test/conformance/fixtures/advanced-index-utf8.db
test/conformance/fixtures/in-range-branch-utf8.db
test/conformance/fixtures/in-range-stat-utf16be-after.db
test/conformance/fixtures/in-range-stat-utf16be-before.db
test/conformance/fixtures/in-range-stat-utf16le-after.db
test/conformance/fixtures/in-range-stat-utf16le-before.db
test/conformance/fixtures/in-range-stat-utf8-after.db
test/conformance/fixtures/in-range-stat-utf8-before.db
test/conformance/fixtures/index-planner-utf16be.db
test/conformance/fixtures/index-planner-utf16le.db
test/conformance/fixtures/index-planner-utf8.db
test/conformance/fixtures/multisource-empty-left.db
test/conformance/fixtures/multisource-inner-oracle-upstream-join-basic.db
test/conformance/fixtures/multisource-inner-oracle-upstream-join-collation.db
test/conformance/fixtures/multisource-inner-oracle-utf16be.db
test/conformance/fixtures/multisource-inner-oracle-utf16le.db
test/conformance/fixtures/multisource-inner-oracle.db
test/conformance/fixtures/multisource-left-empty-right.db
test/conformance/fixtures/multisource-right-chain.db
test/conformance/fixtures/order-limit-relational-utf16be.db
test/conformance/fixtures/order-limit-relational-utf16le.db
test/conformance/fixtures/row-width-autoindex-utf-16be.db
test/conformance/fixtures/row-width-autoindex-utf-16le.db
test/conformance/fixtures/row-width-autoindex-utf-8.db
test/conformance/fixtures/row-width-callback-utf-16be.db
test/conformance/fixtures/row-width-callback-utf-16le.db
test/conformance/fixtures/row-width-callback-utf-8.db
test/conformance/fixtures/row-width-conflict-error-utf-16be.db
test/conformance/fixtures/row-width-conflict-error-utf-16le.db
test/conformance/fixtures/row-width-conflict-error-utf-8.db
test/conformance/fixtures/row-width-conflict-promotion-utf-16be.db
test/conformance/fixtures/row-width-conflict-promotion-utf-16le.db
test/conformance/fixtures/row-width-conflict-promotion-utf-8.db
test/conformance/fixtures/row-width-conflict-utf-16be.db
test/conformance/fixtures/row-width-conflict-utf-16le.db
test/conformance/fixtures/row-width-conflict-utf-8.db
test/conformance/fixtures/row-width-conflict-wr-explicit-utf-16be.db
test/conformance/fixtures/row-width-conflict-wr-explicit-utf-16le.db
test/conformance/fixtures/row-width-conflict-wr-explicit-utf-8.db
test/conformance/fixtures/row-width-declared-bytes-utf-16be.db
test/conformance/fixtures/row-width-declared-bytes-utf-16le.db
test/conformance/fixtures/row-width-declared-bytes-utf-8.db
test/conformance/fixtures/row-width-declared-controls-utf-16be.db
test/conformance/fixtures/row-width-declared-controls-utf-16le.db
test/conformance/fixtures/row-width-declared-controls-utf-8.db
test/conformance/fixtures/row-width-declared-utf-16be.db
test/conformance/fixtures/row-width-declared-utf-16le.db
test/conformance/fixtures/row-width-declared-utf-8.db
test/conformance/fixtures/row-width-declared-utf16-utf-16be.db
test/conformance/fixtures/row-width-declared-utf16-utf-16le.db
test/conformance/fixtures/row-width-invalid-utf-16be.db
test/conformance/fixtures/row-width-invalid-utf-16le.db
test/conformance/fixtures/row-width-invalid-utf-8.db
test/conformance/fixtures/row-width-invalid-utf16-utf-16be.db
test/conformance/fixtures/row-width-invalid-utf16-utf-16le.db
test/conformance/fixtures/row-width-ipk-utf-16be.db
test/conformance/fixtures/row-width-ipk-utf-16le.db
test/conformance/fixtures/row-width-ipk-utf-8.db
test/conformance/fixtures/row-width-merged-pk-utf-16be.db
test/conformance/fixtures/row-width-merged-pk-utf-16le.db
test/conformance/fixtures/row-width-merged-pk-utf-8.db
test/conformance/fixtures/row-width-real-metadata-utf-16be.db
test/conformance/fixtures/row-width-real-metadata-utf-16le.db
test/conformance/fixtures/row-width-real-metadata-utf-8.db
test/conformance/fixtures/row-width-rowid-promotion-utf-16be.db
test/conformance/fixtures/row-width-rowid-promotion-utf-16le.db
test/conformance/fixtures/row-width-rowid-promotion-utf-8.db
test/conformance/fixtures/row-width-unsupported-collation-utf16be.db
test/conformance/fixtures/row-width-unsupported-collation-utf16le.db
test/conformance/fixtures/row-width-unsupported-collation-utf8.db
test/conformance/fixtures/row-width-utf16be-after.db
test/conformance/fixtures/row-width-utf16be-before.db
test/conformance/fixtures/row-width-utf16be-blob-names.db
test/conformance/fixtures/row-width-utf16be-blob-stat.db
test/conformance/fixtures/row-width-utf16be-clamp.db
test/conformance/fixtures/row-width-utf16be-cross-partial.db
test/conformance/fixtures/row-width-utf16be-cross.db
test/conformance/fixtures/row-width-utf16be-duplicate-reversed.db
test/conformance/fixtures/row-width-utf16be-duplicate.db
test/conformance/fixtures/row-width-utf16be-hex-long.db
test/conformance/fixtures/row-width-utf16be-hex-max.db
test/conformance/fixtures/row-width-utf16be-hex-negative.db
test/conformance/fixtures/row-width-utf16be-hex-overflow.db
test/conformance/fixtures/row-width-utf16be-hex-signed.db
test/conformance/fixtures/row-width-utf16be-hex-upper.db
test/conformance/fixtures/row-width-utf16be-hex-zero.db
test/conformance/fixtures/row-width-utf16be-hex.db
test/conformance/fixtures/row-width-utf16be-integer-stat.db
test/conformance/fixtures/row-width-utf16be-max-int.db
test/conformance/fixtures/row-width-utf16be-negative.db
test/conformance/fixtures/row-width-utf16be-null-stat.db
test/conformance/fixtures/row-width-utf16be-null-table.db
test/conformance/fixtures/row-width-utf16be-overflow.db
test/conformance/fixtures/row-width-utf16be-real-stat.db
test/conformance/fixtures/row-width-utf16be-scan-equal.db
test/conformance/fixtures/row-width-utf16be-scan-larger.db
test/conformance/fixtures/row-width-utf16be-small-a.db
test/conformance/fixtures/row-width-utf16be-small-b.db
test/conformance/fixtures/row-width-utf16be-spaces.db
test/conformance/fixtures/row-width-utf16be-tab.db
test/conformance/fixtures/row-width-utf16be-table-only-high.db
test/conformance/fixtures/row-width-utf16be-table-only-low.db
test/conformance/fixtures/row-width-utf16be-tie-equal.db
test/conformance/fixtures/row-width-utf16be-tie-small-a.db
test/conformance/fixtures/row-width-utf16be-tie-small-b.db
test/conformance/fixtures/row-width-utf16be-uint64-overflow.db
test/conformance/fixtures/row-width-utf16be-unknown-index.db
test/conformance/fixtures/row-width-utf16be-unknown-table.db
test/conformance/fixtures/row-width-utf16be-unknown-token.db
test/conformance/fixtures/row-width-utf16be-wr-table-name.db
test/conformance/fixtures/row-width-utf16le-after.db
test/conformance/fixtures/row-width-utf16le-before.db
test/conformance/fixtures/row-width-utf16le-blob-names.db
test/conformance/fixtures/row-width-utf16le-blob-stat.db
test/conformance/fixtures/row-width-utf16le-clamp.db
test/conformance/fixtures/row-width-utf16le-cross-partial.db
test/conformance/fixtures/row-width-utf16le-cross.db
test/conformance/fixtures/row-width-utf16le-duplicate-reversed.db
test/conformance/fixtures/row-width-utf16le-duplicate.db
test/conformance/fixtures/row-width-utf16le-hex-long.db
test/conformance/fixtures/row-width-utf16le-hex-max.db
test/conformance/fixtures/row-width-utf16le-hex-negative.db
test/conformance/fixtures/row-width-utf16le-hex-overflow.db
test/conformance/fixtures/row-width-utf16le-hex-signed.db
test/conformance/fixtures/row-width-utf16le-hex-upper.db
test/conformance/fixtures/row-width-utf16le-hex-zero.db
test/conformance/fixtures/row-width-utf16le-hex.db
test/conformance/fixtures/row-width-utf16le-integer-stat.db
test/conformance/fixtures/row-width-utf16le-max-int.db
test/conformance/fixtures/row-width-utf16le-negative.db
test/conformance/fixtures/row-width-utf16le-null-stat.db
test/conformance/fixtures/row-width-utf16le-null-table.db
test/conformance/fixtures/row-width-utf16le-overflow.db
test/conformance/fixtures/row-width-utf16le-real-stat.db
test/conformance/fixtures/row-width-utf16le-scan-equal.db
test/conformance/fixtures/row-width-utf16le-scan-larger.db
test/conformance/fixtures/row-width-utf16le-small-a.db
test/conformance/fixtures/row-width-utf16le-small-b.db
test/conformance/fixtures/row-width-utf16le-spaces.db
test/conformance/fixtures/row-width-utf16le-tab.db
test/conformance/fixtures/row-width-utf16le-table-only-high.db
test/conformance/fixtures/row-width-utf16le-table-only-low.db
test/conformance/fixtures/row-width-utf16le-tie-equal.db
test/conformance/fixtures/row-width-utf16le-tie-small-a.db
test/conformance/fixtures/row-width-utf16le-tie-small-b.db
test/conformance/fixtures/row-width-utf16le-uint64-overflow.db
test/conformance/fixtures/row-width-utf16le-unknown-index.db
test/conformance/fixtures/row-width-utf16le-unknown-table.db
test/conformance/fixtures/row-width-utf16le-unknown-token.db
test/conformance/fixtures/row-width-utf16le-wr-table-name.db
test/conformance/fixtures/row-width-utf8-after.db
test/conformance/fixtures/row-width-utf8-before.db
test/conformance/fixtures/row-width-utf8-blob-names.db
test/conformance/fixtures/row-width-utf8-blob-stat.db
test/conformance/fixtures/row-width-utf8-clamp.db
test/conformance/fixtures/row-width-utf8-cross-partial.db
test/conformance/fixtures/row-width-utf8-cross.db
test/conformance/fixtures/row-width-utf8-duplicate-reversed.db
test/conformance/fixtures/row-width-utf8-duplicate.db
test/conformance/fixtures/row-width-utf8-hex-long.db
test/conformance/fixtures/row-width-utf8-hex-max.db
test/conformance/fixtures/row-width-utf8-hex-negative.db
test/conformance/fixtures/row-width-utf8-hex-overflow.db
test/conformance/fixtures/row-width-utf8-hex-signed.db
test/conformance/fixtures/row-width-utf8-hex-upper.db
test/conformance/fixtures/row-width-utf8-hex-zero.db
test/conformance/fixtures/row-width-utf8-hex.db
test/conformance/fixtures/row-width-utf8-integer-stat.db
test/conformance/fixtures/row-width-utf8-max-int.db
test/conformance/fixtures/row-width-utf8-negative.db
test/conformance/fixtures/row-width-utf8-null-stat.db
test/conformance/fixtures/row-width-utf8-null-table.db
test/conformance/fixtures/row-width-utf8-overflow.db
test/conformance/fixtures/row-width-utf8-real-stat.db
test/conformance/fixtures/row-width-utf8-scan-equal.db
test/conformance/fixtures/row-width-utf8-scan-larger.db
test/conformance/fixtures/row-width-utf8-small-a.db
test/conformance/fixtures/row-width-utf8-small-b.db
test/conformance/fixtures/row-width-utf8-spaces.db
test/conformance/fixtures/row-width-utf8-tab.db
test/conformance/fixtures/row-width-utf8-table-only-high.db
test/conformance/fixtures/row-width-utf8-table-only-low.db
test/conformance/fixtures/row-width-utf8-tie-equal.db
test/conformance/fixtures/row-width-utf8-tie-small-a.db
test/conformance/fixtures/row-width-utf8-tie-small-b.db
test/conformance/fixtures/row-width-utf8-uint64-overflow.db
test/conformance/fixtures/row-width-utf8-unknown-index.db
test/conformance/fixtures/row-width-utf8-unknown-table.db
test/conformance/fixtures/row-width-utf8-unknown-token.db
test/conformance/fixtures/row-width-utf8-wr-table-name.db
test/conformance/fixtures/row-width-wr-autoindex-utf-16be.db
test/conformance/fixtures/row-width-wr-autoindex-utf-16le.db
test/conformance/fixtures/row-width-wr-autoindex-utf-8.db
test/conformance/fixtures/row-width-wr-collation-utf-16be.db
test/conformance/fixtures/row-width-wr-collation-utf-16le.db
test/conformance/fixtures/row-width-wr-collation-utf-8.db
test/conformance/fixtures/row-width-wr-duplicate-utf-16be.db
test/conformance/fixtures/row-width-wr-duplicate-utf-16le.db
test/conformance/fixtures/row-width-wr-duplicate-utf-8.db
test/conformance/fixtures/row-width-wr-ipk-controls-inline-desc-utf-16be.db
test/conformance/fixtures/row-width-wr-ipk-controls-inline-desc-utf-16le.db
test/conformance/fixtures/row-width-wr-ipk-controls-inline-desc-utf-8.db
test/conformance/fixtures/row-width-wr-ipk-controls-merge-utf-16be.db
test/conformance/fixtures/row-width-wr-ipk-controls-merge-utf-16le.db
test/conformance/fixtures/row-width-wr-ipk-controls-merge-utf-8.db
test/conformance/fixtures/row-width-wr-ipk-controls-table-desc-utf-16be.db
test/conformance/fixtures/row-width-wr-ipk-controls-table-desc-utf-16le.db
test/conformance/fixtures/row-width-wr-ipk-controls-table-desc-utf-8.db
test/conformance/fixtures/row-width-wr-ipk-utf-16be.db
test/conformance/fixtures/row-width-wr-ipk-utf-16le.db
test/conformance/fixtures/row-width-wr-ipk-utf-8.db
test/conformance/fixtures/row-width-wr-unknown-utf16be.db
test/conformance/fixtures/row-width-wr-unknown-utf16le.db
test/conformance/fixtures/row-width-wr-unknown-utf8.db
test/conformance/fixtures/stat-corrupt-utf16be-offpath-t_ab.db
test/conformance/fixtures/stat-corrupt-utf16be-selected-t_a.db
test/conformance/fixtures/stat-corrupt-utf16le-offpath-t_ab.db
test/conformance/fixtures/stat-corrupt-utf16le-selected-t_a.db
test/conformance/fixtures/stat-corrupt-utf8-offpath-t_ab.db
test/conformance/fixtures/stat-corrupt-utf8-selected-t_a.db
test/conformance/fixtures/stat-format-utf16be-noskipscan.db
test/conformance/fixtures/stat-format-utf16be-sz.db
test/conformance/fixtures/stat-format-utf16le-noskipscan.db
test/conformance/fixtures/stat-format-utf16le-sz.db
test/conformance/fixtures/stat-format-utf8-noskipscan.db
test/conformance/fixtures/stat-format-utf8-sz.db
test/conformance/fixtures/stat-record-utf16be-blob-extension.db
test/conformance/fixtures/stat-record-utf16be-malformed-number.db
test/conformance/fixtures/stat-record-utf16be-stat4-sample.db
test/conformance/fixtures/stat-record-utf16be-table-only.db
test/conformance/fixtures/stat-record-utf16be-unknown-index.db
test/conformance/fixtures/stat-record-utf16be-unknown-table.db
test/conformance/fixtures/stat-record-utf16be-unused-index-extension.db
test/conformance/fixtures/stat-record-utf16le-blob-extension.db
test/conformance/fixtures/stat-record-utf16le-malformed-number.db
test/conformance/fixtures/stat-record-utf16le-stat4-sample.db
test/conformance/fixtures/stat-record-utf16le-table-only.db
test/conformance/fixtures/stat-record-utf16le-unknown-index.db
test/conformance/fixtures/stat-record-utf16le-unknown-table.db
test/conformance/fixtures/stat-record-utf16le-unused-index-extension.db
test/conformance/fixtures/stat-record-utf8-blob-extension.db
test/conformance/fixtures/stat-record-utf8-malformed-number.db
test/conformance/fixtures/stat-record-utf8-stat4-sample.db
test/conformance/fixtures/stat-record-utf8-table-only.db
test/conformance/fixtures/stat-record-utf8-unknown-index.db
test/conformance/fixtures/stat-record-utf8-unknown-table.db
test/conformance/fixtures/stat-record-utf8-unused-index-extension.db
test/conformance/fixtures/stat4-enabled-utf16be.db
test/conformance/fixtures/stat4-enabled-utf16le.db
test/conformance/fixtures/stat4-enabled-utf8.db
test/conformance/from-subquery-routes.test.mjs
test/conformance/generate-order-limit-subquery-fixtures.py
test/conformance/generate-ts-cases.py
test/conformance/in-range-branch-applicability.test.mjs
test/conformance/in-range-selected-red.test.mjs
test/conformance/in-range-stat-choice-red.test.mjs
test/conformance/in-range-stat-native.test.py
test/conformance/in-range-stat-ts.test.mjs
test/conformance/index-planner-manifest.test.py
test/conformance/json-aggregate-paths.test.mjs
test/conformance/json-blob-document.test.mjs
test/conformance/json-foundation.test.mjs
test/conformance/json-group-numeric-types.test.mjs
test/conformance/json-pretty-cases.mjs
test/conformance/json-pretty-corrections.test.mjs
test/conformance/json-pretty.test.mjs
test/conformance/json-scalar-full.test.mjs
test/conformance/json-scalar-paths.test.mjs
test/conformance/json-table-functions.test.mjs
test/conformance/limit-offset-adjudication-cases.mjs
test/conformance/limit-offset-adjudication-native.py
test/conformance/limit-offset-adjudication.test.mjs
test/conformance/math-manifest.test.py
test/conformance/mem-manifest.test.py
test/conformance/mem-native-boundaries.py
test/conformance/mixed-in-range-red.test.mjs
test/conformance/multisource-inner-oracle.test.mjs
test/conformance/multisource-inner-order.test.mjs
test/conformance/multisource-left.test.mjs
test/conformance/multisource-right-full.test.mjs
test/conformance/multisource-select-manifest.test.py
test/conformance/oracle-between-once.c
test/conformance/order-limit-contract-manifest.test.py
test/conformance/order-limit-subquery-native.py
test/conformance/ordinary-scalars-format-native.test.py
test/conformance/ordinary-scalars-manifest.test.py
test/conformance/ordinary-scalars-pattern-native.test.py
test/conformance/ordinary-scalars-pattern-window.test.mjs
test/conformance/ordinary-scalars-quote-native.py
test/conformance/outer-constraints.test.mjs
test/conformance/private-alpha-stat4-admission.test.mjs
test/conformance/private-alpha-stat4-portability-native.py
test/conformance/private-endpoint-seek-control.test.mjs
test/conformance/private-membership-search.test.mjs
test/conformance/public-api-adapter.mjs
test/conformance/public-api-adapter.test.mjs
test/conformance/recapture-advanced-index.py
test/conformance/recapture-compound-values-boundaries.py
test/conformance/recapture-compound-values.py
test/conformance/recapture-index-planner.py
test/conformance/recapture-order-limit-contract.py
test/conformance/recursive-cte-aggregate.test.mjs
test/conformance/recursive-cte-manifest.test.py
test/conformance/relational-private-lifecycle.test.mjs
test/conformance/relational-ts-accounting.test.py
test/conformance/relational-working-state-manifest.test.py
test/conformance/repeated-right-full.test.mjs
test/conformance/repeated-upstream-assertions.mjs
test/conformance/repeated-upstream-utf16be.test.mjs
test/conformance/repeated-upstream-utf16le.test.mjs
test/conformance/repeated-upstream-utf8.test.mjs
test/conformance/right-nested.test.mjs
test/conformance/right-residual.test.mjs
test/conformance/row-width-autoindex.test.mjs
test/conformance/row-width-callback.test.mjs
test/conformance/row-width-conflict-error.test.mjs
test/conformance/row-width-conflict-promotion.test.mjs
test/conformance/row-width-conflict-wr-explicit.test.mjs
test/conformance/row-width-conflict.test.mjs
test/conformance/row-width-cost-branches.test.mjs
test/conformance/row-width-declared-bytes.test.mjs
test/conformance/row-width-declared-controls.test.mjs
test/conformance/row-width-declared-utf16.test.mjs
test/conformance/row-width-declared.test.mjs
test/conformance/row-width-failed-publication.test.mjs
test/conformance/row-width-insertion-tie.test.mjs
test/conformance/row-width-invalid-utf16.test.mjs
test/conformance/row-width-invalid.test.mjs
test/conformance/row-width-ipk.test.mjs
test/conformance/row-width-isolated-joined.test.mjs
test/conformance/row-width-isolated-public.test.mjs
test/conformance/row-width-left-in-reset.test.mjs
test/conformance/row-width-left-in-transitions.test.mjs
test/conformance/row-width-merged-pk.test.mjs
test/conformance/row-width-output-adjust.test.mjs
test/conformance/row-width-preimplementation.test.mjs
test/conformance/row-width-publication.test.mjs
test/conformance/row-width-real-metadata.test.mjs
test/conformance/row-width-reverse-order.test.mjs
test/conformance/row-width-rowid-promotion.test.mjs
test/conformance/row-width-singleton-order.test.mjs
test/conformance/row-width-transient-publication.test.mjs
test/conformance/row-width-transient.test.mjs
test/conformance/row-width-unsupported-collation.test.mjs
test/conformance/row-width-utf16.test.mjs
test/conformance/row-width-wr-autoindex.test.mjs
test/conformance/row-width-wr-collation.test.mjs
test/conformance/row-width-wr-duplicate.test.mjs
test/conformance/row-width-wr-ipk-controls.test.mjs
test/conformance/row-width-wr-ipk.test.mjs
test/conformance/row-width-wr-joined.test.mjs
test/conformance/row-width-wr-unknown-collation.test.mjs
test/conformance/run-advanced-index-ts.test.mjs
test/conformance/run-aggregate-group-ts.mjs
test/conformance/run-aggregate-window-ts.mjs
test/conformance/run-audit-chinook-b1-b5-ts.mjs
test/conformance/run-audit-expression-callers-ts.mjs
test/conformance/run-audit-in-list-ts.mjs
test/conformance/run-compound-values-ts.mjs
test/conformance/run-date-time-cases-ts.mjs
test/conformance/run-date-time-seams-ts.mjs
test/conformance/run-expression-bounded-ts.mjs
test/conformance/run-expression-cross-encoding-ts.mjs
test/conformance/run-expression-function-cleanup-ts.mjs
test/conformance/run-expression-function-companions-ts.mjs
test/conformance/run-expression-functions-ts.mjs
test/conformance/run-expression-opcodes-ts.mjs
test/conformance/run-first-select-native.py
test/conformance/run-first-select-ts.mjs
test/conformance/run-index-planner-ts.mjs
test/conformance/run-math-cases-ts.mjs
test/conformance/run-native.py
test/conformance/run-order-limit-contract-ts.mjs
test/conformance/run-ordinary-scalar-foundation-ts.mjs
test/conformance/run-ordinary-scalars-ascii-case-ts.mjs
test/conformance/run-ordinary-scalars-format-ts.mjs
test/conformance/run-ordinary-scalars-owned-ts.mjs
test/conformance/run-ordinary-scalars-pattern-ts.mjs
test/conformance/run-ordinary-scalars-unsupported-ts.mjs
test/conformance/run-relational-working-state-ts.mjs
test/conformance/run-special-window-ts.mjs
test/conformance/run-ts.mjs
test/conformance/run-vdbe-primitives-native.py
test/conformance/runner.py
test/conformance/seek-rowid-numeric.test.mjs
test/conformance/select-aggregate-alias-owner-native.py
test/conformance/select-aggregate-alias-owner.test.mjs
test/conformance/select-aggregate-destination-native.py
test/conformance/select-aggregate-destination.test.mjs
test/conformance/select-aggregate-lexical-owner-native.py
test/conformance/select-aggregate-lexical-owner.test.mjs
test/conformance/select-aggregate-ownership.test.mjs
test/conformance/select-aggregate-phase-owner-native.py
test/conformance/select-aggregate-phase-owner.test.mjs
test/conformance/select-aggregate-source-owner-native.py
test/conformance/select-aggregate-source-owner.test.mjs
test/conformance/select-compiler-entry.test.mjs
test/conformance/select-compound-owner.test.mjs
test/conformance/select-compound-parent-builder.test.mjs
test/conformance/select-correlated-derived-aggregate-native.py
test/conformance/select-correlated-derived-aggregate.test.mjs
test/conformance/select-correlated-scalar-destination.test.mjs
test/conformance/select-cte-compound-composition-native.py
test/conformance/select-cte-compound-composition.test.mjs
test/conformance/select-cte-compound-source-native.py
test/conformance/select-cte-compound-source.test.mjs
test/conformance/select-cte-compound-where-native.py
test/conformance/select-cte-compound-where.test.mjs
test/conformance/select-cte-fallback-destination-owner-native.py
test/conformance/select-cte-fallback-destination-owner.test.mjs
test/conformance/select-cte-order-owner.test.mjs
test/conformance/select-cte-ordered-mixed-parent-native.py
test/conformance/select-cte-ordered-mixed-parent.test.mjs
test/conformance/select-cte-table-compound-parent-native.py
test/conformance/select-cte-table-compound-parent.test.mjs
test/conformance/select-cte-zero-source-owner.test.mjs
test/conformance/select-derived-aggregate-multi-order-native.py
test/conformance/select-derived-aggregate-multi-order.test.mjs
test/conformance/select-derived-aggregate-order-expression-native.py
test/conformance/select-derived-aggregate-order-expression.test.mjs
test/conformance/select-derived-bound-native.py
test/conformance/select-derived-bound.test.mjs
test/conformance/select-derived-composition-native.py
test/conformance/select-derived-composition.test.mjs
test/conformance/select-derived-compound-aggregate-owner-native.py
test/conformance/select-derived-compound-aggregate-owner.test.mjs
test/conformance/select-derived-compound-limit-native.py
test/conformance/select-derived-compound-limit.test.mjs
test/conformance/select-derived-compound-outer-limit-native.py
test/conformance/select-derived-compound-outer-limit.test.mjs
test/conformance/select-derived-distinct-aggregate-native.py
test/conformance/select-derived-distinct-aggregate.test.mjs
test/conformance/select-derived-distinct-scalar-native.py
test/conformance/select-derived-distinct-scalar.test.mjs
test/conformance/select-derived-duplicate-resolve-native.py
test/conformance/select-derived-duplicate-resolve.test.mjs
test/conformance/select-derived-first-source-owner-native.py
test/conformance/select-derived-first-source-owner.test.mjs
test/conformance/select-derived-join-native.py
test/conformance/select-derived-join.test.mjs
test/conformance/select-derived-joined-aggregate-native.py
test/conformance/select-derived-joined-aggregate.test.mjs
test/conformance/select-derived-joined-fallback-owner.test.mjs
test/conformance/select-derived-joined-union-native.py
test/conformance/select-derived-joined-union.test.mjs
test/conformance/select-derived-nonvalues-parent-builder.test.mjs
test/conformance/select-derived-nonvalues-parent-native.py
test/conformance/select-derived-nonvalues-parent.test.mjs
test/conformance/select-derived-ordered-arm-where-native.py
test/conformance/select-derived-ordered-arm-where.test.mjs
test/conformance/select-derived-ordered-joined-native.py
test/conformance/select-derived-ordered-joined.test.mjs
test/conformance/select-derived-ordered-limit-native.py
test/conformance/select-derived-ordered-limit.test.mjs
test/conformance/select-derived-register-carrier-owner-native.py
test/conformance/select-derived-register-carrier-owner.test.mjs
test/conformance/select-derived-scalar-multi-order-native.py
test/conformance/select-derived-scalar-multi-order.test.mjs
test/conformance/select-derived-scalar-order-expression-native.py
test/conformance/select-derived-scalar-order-expression.test.mjs
test/conformance/select-derived-scalar-owner-native.py
test/conformance/select-derived-scalar-owner.test.mjs
test/conformance/select-derived-table-compound-owner.test.mjs
test/conformance/select-derived-table-parent-builder.test.mjs
test/conformance/select-derived-table-parent-native.py
test/conformance/select-derived-table-parent.test.mjs
test/conformance/select-derived-two-source-owner-native.py
test/conformance/select-derived-two-source-owner.test.mjs
test/conformance/select-derived-union-owner-native.py
test/conformance/select-derived-union-owner.test.mjs
test/conformance/select-derived-union-where-native.py
test/conformance/select-derived-union-where.test.mjs
test/conformance/select-derived-values-parent-builder.test.mjs
test/conformance/select-derived-values-parent-native.py
test/conformance/select-derived-values-parent.test.mjs
test/conformance/select-derived-window-no-where-native.py
test/conformance/select-derived-window-no-where.test.mjs
test/conformance/select-derived-window-parent-builder.test.mjs
test/conformance/select-derived-window-parent-native.py
test/conformance/select-derived-window-parent.test.mjs
test/conformance/select-distinct.test.mjs
test/conformance/select-entry-context.test.mjs
test/conformance/select-fallthrough-parent-entry-owner.test.mjs
test/conformance/select-joined-index-null-native.py
test/conformance/select-joined-linked-native.py
test/conformance/select-joined-linked.test.mjs
test/conformance/select-joined-null-native.py
test/conformance/select-joined-null.test.mjs
test/conformance/select-json-parent-public.test.mjs
test/conformance/select-json-window-parent-entry-owner.test.mjs
test/conformance/select-linked-correlated-owner-native.py
test/conformance/select-linked-correlated-owner.test.mjs
test/conformance/select-linked-derived-identity-native.py
test/conformance/select-linked-derived-identity.test.mjs
test/conformance/select-linked-scalar-preparation-owner.test.mjs
test/conformance/select-linked-wrapper-identity-native.py
test/conformance/select-nullable-index-range-native.py
test/conformance/select-ordinary-aggregate-phase-owner-native.py
test/conformance/select-ordinary-aggregate-phase-owner.test.mjs
test/conformance/select-ordinary-entry-owner.test.mjs
test/conformance/select-outer-join-aggregate-input.test.mjs
test/conformance/select-output-differential.test.mjs
test/conformance/select-output-native.py
test/conformance/select-physical-linked-native.py
test/conformance/select-physical-linked.test.mjs
test/conformance/select-prepare-owner-r3-native.py
test/conformance/select-prepare-owner-r3.test.mjs
test/conformance/select-program-ownership.test.mjs
test/conformance/select-program-resolved-validation.test.mjs
test/conformance/select-recursive-builder-native.py
test/conformance/select-recursive-builder.test.mjs
test/conformance/select-recursive-composition-native.py
test/conformance/select-repeated-view-parent-builder.test.mjs
test/conformance/select-repeated-view-parent-native.py
test/conformance/select-repeated-view-parent.test.mjs
test/conformance/select-right-continuation-native.py
test/conformance/select-right-continuation.test.mjs
test/conformance/select-scalar-child-native.py
test/conformance/select-scalar-child.test.mjs
test/conformance/select-scalar-linked-owner-native.py
test/conformance/select-scalar-linked-owner.test.mjs
test/conformance/select-specialized-parent-entry-owner.test.mjs
test/conformance/select-table-compound-names-native.py
test/conformance/select-table-compound-names.test.mjs
test/conformance/select-unbounded-reverse-index-native.py
test/conformance/select-vdbe-owner-boundary.test.mjs
test/conformance/select-window-cross-layer-integration.test.mjs
test/conformance/select-window-retained-endpoint-integration.test.mjs
test/conformance/select-window-transient-preparation.test.mjs
test/conformance/selected-in-integration.test.mjs
test/conformance/selected-index-controls.test.mjs
test/conformance/selected-root-native-error.test.py
test/conformance/selected-root-public-reuse.test.mjs
test/conformance/source-resolution.test.mjs
test/conformance/special-window-contract-manifest.test.py
test/conformance/special-window-source-only.test.mjs
test/conformance/stat-format-boundary.py
test/conformance/stat-format-boundary.test.mjs
test/conformance/stat-record-boundary.py
test/conformance/stat-record-boundary.test.mjs
test/conformance/stat-record-corruption.py
test/conformance/stat-record-corruption.test.mjs
test/conformance/stat4-enabled-boundary.test.mjs
test/conformance/structured-values.test.mjs
test/conformance/subquery-view-foundation.test.mjs
test/conformance/subquery-view-manifest.test.py
test/conformance/three-in-native-ts.test.mjs
test/conformance/three-in-native.test.py
test/conformance/ts-accounting.mjs
test/conformance/ts-accounting.test.mjs
test/conformance/verify-repeated-budget-native.py
test/conformance/verify-repeated-merged-using.py
test/conformance/where-operand-admission-public.test.mjs
test/conformance/where-order-consumption-public.test.mjs
test/conformance/where-plan-analysis.test.mjs
test/conformance/where-plan-foundation.test.mjs
test/conformance/where-plan-ordered-red.test.mjs
test/conformance/window-derived-scope-native.py
test/conformance/window-endpoint-seek-control-public.test.mjs
test/conformance/window-first-nth-endpoint-owner.test.mjs
test/conformance/window-layer-publication.test.mjs
test/conformance/window-linked-filter-owner-native.py
test/conformance/window-linked-filter-owner.test.mjs
test/conformance/window-linked-source-owner-native.py
test/conformance/window-linked-source-owner.test.mjs
test/conformance/window-manifest.test.py
test/conformance/window-rewrite.test.mjs
test/conformance/without-rowid-joined.test.mjs
test/conformance/without-rowid-primary.test.mjs
test/demo/browser.test.mjs
test/demo/capture.py
test/demo/entry.test.mjs
test/fixtures/CURRENT.json
test/fixtures/aggregate-window/empty.db
test/fixtures/aggregate-window/inherit.db
test/fixtures/aggregate-window/manifest.json
test/fixtures/aggregate-window/typed-utf-16be.db
test/fixtures/aggregate-window/typed-utf-16le.db
test/fixtures/aggregate-window/typed.db
test/fixtures/aggregate-window/w1.db
test/fixtures/aggregate-window/w2.db
test/fixtures/aggregate-window/w2rows.db
test/fixtures/aggregate-window/w5.db
test/fixtures/aggregate-window/w6.db
test/fixtures/aggregate-window/w7.db
test/fixtures/aggregate-window/w8.db
test/fixtures/aggregate-window/wttt.db
test/fixtures/chinook-b1-b5/manifest.json
test/fixtures/chinook-b1-b5/synthetic-utf16be.db
test/fixtures/chinook-b1-b5/synthetic-utf16le.db
test/fixtures/chinook-b1-b5/synthetic-utf8.db
test/fixtures/endpoint-seek/partition.db
test/fixtures/expression-cursor/users-utf16be.db
test/fixtures/expression-cursor/users-utf16le.db
test/fixtures/expression-cursor/users-utf8.db
test/fixtures/generations/g-0582cc5beeb76cd457bd4115944a1a70bbc4d70442bff1998fc79f4b5ec82b56/catalog.json
test/fixtures/generations/g-0582cc5beeb76cd457bd4115944a1a70bbc4d70442bff1998fc79f4b5ec82b56/generated/bind.db
test/fixtures/generations/g-0582cc5beeb76cd457bd4115944a1a70bbc4d70442bff1998fc79f4b5ec82b56/generated/close.db
test/fixtures/generations/g-0582cc5beeb76cd457bd4115944a1a70bbc4d70442bff1998fc79f4b5ec82b56/generated/empty.db
test/fixtures/generations/g-0582cc5beeb76cd457bd4115944a1a70bbc4d70442bff1998fc79f4b5ec82b56/generated/encoding-utf16be.db
test/fixtures/generations/g-0582cc5beeb76cd457bd4115944a1a70bbc4d70442bff1998fc79f4b5ec82b56/generated/encoding-utf16le.db
test/fixtures/generations/g-0582cc5beeb76cd457bd4115944a1a70bbc4d70442bff1998fc79f4b5ec82b56/generated/encoding-utf8.db
test/fixtures/generations/g-0582cc5beeb76cd457bd4115944a1a70bbc4d70442bff1998fc79f4b5ec82b56/generated/meta.db
test/fixtures/generations/g-0582cc5beeb76cd457bd4115944a1a70bbc4d70442bff1998fc79f4b5ec82b56/generated/readonly.db
test/fixtures/generations/g-0ac88132694479b52fcb0af1364603b1b99b9ba3062459810659a95c5e157e78/catalog.json
test/fixtures/generations/g-0ac88132694479b52fcb0af1364603b1b99b9ba3062459810659a95c5e157e78/generated/bind.db
test/fixtures/generations/g-0ac88132694479b52fcb0af1364603b1b99b9ba3062459810659a95c5e157e78/generated/close.db
test/fixtures/generations/g-0ac88132694479b52fcb0af1364603b1b99b9ba3062459810659a95c5e157e78/generated/empty.db
test/fixtures/generations/g-0ac88132694479b52fcb0af1364603b1b99b9ba3062459810659a95c5e157e78/generated/encoding-utf16be.db
test/fixtures/generations/g-0ac88132694479b52fcb0af1364603b1b99b9ba3062459810659a95c5e157e78/generated/encoding-utf16le.db
test/fixtures/generations/g-0ac88132694479b52fcb0af1364603b1b99b9ba3062459810659a95c5e157e78/generated/encoding-utf8.db
test/fixtures/generations/g-0ac88132694479b52fcb0af1364603b1b99b9ba3062459810659a95c5e157e78/generated/expr-func.db
test/fixtures/generations/g-0ac88132694479b52fcb0af1364603b1b99b9ba3062459810659a95c5e157e78/generated/expr-relational.db
test/fixtures/generations/g-0ac88132694479b52fcb0af1364603b1b99b9ba3062459810659a95c5e157e78/generated/expr-where.db
test/fixtures/generations/g-0ac88132694479b52fcb0af1364603b1b99b9ba3062459810659a95c5e157e78/generated/meta.db
test/fixtures/generations/g-0ac88132694479b52fcb0af1364603b1b99b9ba3062459810659a95c5e157e78/generated/readonly.db
test/fixtures/generations/g-0ac88132694479b52fcb0af1364603b1b99b9ba3062459810659a95c5e157e78/generated/select1-one.db
test/fixtures/generations/g-0ac88132694479b52fcb0af1364603b1b99b9ba3062459810659a95c5e157e78/generated/select1-where.db
test/fixtures/generations/g-0ac88132694479b52fcb0af1364603b1b99b9ba3062459810659a95c5e157e78/generated/storage-p1024.db
test/fixtures/generations/g-0ac88132694479b52fcb0af1364603b1b99b9ba3062459810659a95c5e157e78/generated/storage-p16384.db
test/fixtures/generations/g-0ac88132694479b52fcb0af1364603b1b99b9ba3062459810659a95c5e157e78/generated/storage-p2048.db
test/fixtures/generations/g-0ac88132694479b52fcb0af1364603b1b99b9ba3062459810659a95c5e157e78/generated/storage-p32768.db
test/fixtures/generations/g-0ac88132694479b52fcb0af1364603b1b99b9ba3062459810659a95c5e157e78/generated/storage-p4096-utf16be.db
test/fixtures/generations/g-0ac88132694479b52fcb0af1364603b1b99b9ba3062459810659a95c5e157e78/generated/storage-p4096-utf16le.db
test/fixtures/generations/g-0ac88132694479b52fcb0af1364603b1b99b9ba3062459810659a95c5e157e78/generated/storage-p4096.db
test/fixtures/generations/g-0ac88132694479b52fcb0af1364603b1b99b9ba3062459810659a95c5e157e78/generated/storage-p512.db
test/fixtures/generations/g-0ac88132694479b52fcb0af1364603b1b99b9ba3062459810659a95c5e157e78/generated/storage-p65536.db
test/fixtures/generations/g-0ac88132694479b52fcb0af1364603b1b99b9ba3062459810659a95c5e157e78/generated/storage-p8192.db
test/fixtures/generations/g-457ac6173585663e8304168b53ff59e0dd191495d1401da71f0bd87378d000a4/catalog.json
test/fixtures/generations/g-457ac6173585663e8304168b53ff59e0dd191495d1401da71f0bd87378d000a4/generated/bind.db
test/fixtures/generations/g-457ac6173585663e8304168b53ff59e0dd191495d1401da71f0bd87378d000a4/generated/close.db
test/fixtures/generations/g-457ac6173585663e8304168b53ff59e0dd191495d1401da71f0bd87378d000a4/generated/empty.db
test/fixtures/generations/g-457ac6173585663e8304168b53ff59e0dd191495d1401da71f0bd87378d000a4/generated/encoding-utf16be.db
test/fixtures/generations/g-457ac6173585663e8304168b53ff59e0dd191495d1401da71f0bd87378d000a4/generated/encoding-utf16le.db
test/fixtures/generations/g-457ac6173585663e8304168b53ff59e0dd191495d1401da71f0bd87378d000a4/generated/encoding-utf8.db
test/fixtures/generations/g-457ac6173585663e8304168b53ff59e0dd191495d1401da71f0bd87378d000a4/generated/meta.db
test/fixtures/generations/g-457ac6173585663e8304168b53ff59e0dd191495d1401da71f0bd87378d000a4/generated/readonly.db
test/fixtures/generations/g-457ac6173585663e8304168b53ff59e0dd191495d1401da71f0bd87378d000a4/generated/storage-p1024.db
test/fixtures/generations/g-457ac6173585663e8304168b53ff59e0dd191495d1401da71f0bd87378d000a4/generated/storage-p16384.db
test/fixtures/generations/g-457ac6173585663e8304168b53ff59e0dd191495d1401da71f0bd87378d000a4/generated/storage-p2048.db
test/fixtures/generations/g-457ac6173585663e8304168b53ff59e0dd191495d1401da71f0bd87378d000a4/generated/storage-p32768.db
test/fixtures/generations/g-457ac6173585663e8304168b53ff59e0dd191495d1401da71f0bd87378d000a4/generated/storage-p4096-utf16be.db
test/fixtures/generations/g-457ac6173585663e8304168b53ff59e0dd191495d1401da71f0bd87378d000a4/generated/storage-p4096-utf16le.db
test/fixtures/generations/g-457ac6173585663e8304168b53ff59e0dd191495d1401da71f0bd87378d000a4/generated/storage-p4096.db
test/fixtures/generations/g-457ac6173585663e8304168b53ff59e0dd191495d1401da71f0bd87378d000a4/generated/storage-p512.db
test/fixtures/generations/g-457ac6173585663e8304168b53ff59e0dd191495d1401da71f0bd87378d000a4/generated/storage-p65536.db
test/fixtures/generations/g-457ac6173585663e8304168b53ff59e0dd191495d1401da71f0bd87378d000a4/generated/storage-p8192.db
test/fixtures/generations/g-5a0e7283dff1d786d0cc4cf1a40aec78e36cb67243948208cb0e99d784106394/catalog.json
test/fixtures/generations/g-5a0e7283dff1d786d0cc4cf1a40aec78e36cb67243948208cb0e99d784106394/generated/bind.db
test/fixtures/generations/g-5a0e7283dff1d786d0cc4cf1a40aec78e36cb67243948208cb0e99d784106394/generated/close.db
test/fixtures/generations/g-5a0e7283dff1d786d0cc4cf1a40aec78e36cb67243948208cb0e99d784106394/generated/distinct-t3.db
test/fixtures/generations/g-5a0e7283dff1d786d0cc4cf1a40aec78e36cb67243948208cb0e99d784106394/generated/empty.db
test/fixtures/generations/g-5a0e7283dff1d786d0cc4cf1a40aec78e36cb67243948208cb0e99d784106394/generated/encoding-utf16be.db
test/fixtures/generations/g-5a0e7283dff1d786d0cc4cf1a40aec78e36cb67243948208cb0e99d784106394/generated/encoding-utf16le.db
test/fixtures/generations/g-5a0e7283dff1d786d0cc4cf1a40aec78e36cb67243948208cb0e99d784106394/generated/encoding-utf8.db
test/fixtures/generations/g-5a0e7283dff1d786d0cc4cf1a40aec78e36cb67243948208cb0e99d784106394/generated/expr-func.db
test/fixtures/generations/g-5a0e7283dff1d786d0cc4cf1a40aec78e36cb67243948208cb0e99d784106394/generated/expr-relational.db
test/fixtures/generations/g-5a0e7283dff1d786d0cc4cf1a40aec78e36cb67243948208cb0e99d784106394/generated/expr-where.db
test/fixtures/generations/g-5a0e7283dff1d786d0cc4cf1a40aec78e36cb67243948208cb0e99d784106394/generated/meta.db
test/fixtures/generations/g-5a0e7283dff1d786d0cc4cf1a40aec78e36cb67243948208cb0e99d784106394/generated/readonly.db
test/fixtures/generations/g-5a0e7283dff1d786d0cc4cf1a40aec78e36cb67243948208cb0e99d784106394/generated/select1-one.db
test/fixtures/generations/g-5a0e7283dff1d786d0cc4cf1a40aec78e36cb67243948208cb0e99d784106394/generated/select1-where.db
test/fixtures/generations/g-5a0e7283dff1d786d0cc4cf1a40aec78e36cb67243948208cb0e99d784106394/generated/select4-t1.db
test/fixtures/generations/g-5a0e7283dff1d786d0cc4cf1a40aec78e36cb67243948208cb0e99d784106394/generated/storage-p1024.db
test/fixtures/generations/g-5a0e7283dff1d786d0cc4cf1a40aec78e36cb67243948208cb0e99d784106394/generated/storage-p16384.db
test/fixtures/generations/g-5a0e7283dff1d786d0cc4cf1a40aec78e36cb67243948208cb0e99d784106394/generated/storage-p2048.db
test/fixtures/generations/g-5a0e7283dff1d786d0cc4cf1a40aec78e36cb67243948208cb0e99d784106394/generated/storage-p32768.db
test/fixtures/generations/g-5a0e7283dff1d786d0cc4cf1a40aec78e36cb67243948208cb0e99d784106394/generated/storage-p4096-utf16be.db
test/fixtures/generations/g-5a0e7283dff1d786d0cc4cf1a40aec78e36cb67243948208cb0e99d784106394/generated/storage-p4096-utf16le.db
test/fixtures/generations/g-5a0e7283dff1d786d0cc4cf1a40aec78e36cb67243948208cb0e99d784106394/generated/storage-p4096.db
test/fixtures/generations/g-5a0e7283dff1d786d0cc4cf1a40aec78e36cb67243948208cb0e99d784106394/generated/storage-p512.db
test/fixtures/generations/g-5a0e7283dff1d786d0cc4cf1a40aec78e36cb67243948208cb0e99d784106394/generated/storage-p65536.db
test/fixtures/generations/g-5a0e7283dff1d786d0cc4cf1a40aec78e36cb67243948208cb0e99d784106394/generated/storage-p8192.db
test/fixtures/generations/g-6ef80a803e9a0d72df6f3a7783465c87e34870f6301553a399d1da58c3bcf74f/catalog.json
test/fixtures/generations/g-6ef80a803e9a0d72df6f3a7783465c87e34870f6301553a399d1da58c3bcf74f/generated/bind.db
test/fixtures/generations/g-6ef80a803e9a0d72df6f3a7783465c87e34870f6301553a399d1da58c3bcf74f/generated/close.db
test/fixtures/generations/g-6ef80a803e9a0d72df6f3a7783465c87e34870f6301553a399d1da58c3bcf74f/generated/compound-collation.db
test/fixtures/generations/g-6ef80a803e9a0d72df6f3a7783465c87e34870f6301553a399d1da58c3bcf74f/generated/compound-metadata.db
test/fixtures/generations/g-6ef80a803e9a0d72df6f3a7783465c87e34870f6301553a399d1da58c3bcf74f/generated/distinct-t3.db
test/fixtures/generations/g-6ef80a803e9a0d72df6f3a7783465c87e34870f6301553a399d1da58c3bcf74f/generated/empty.db
test/fixtures/generations/g-6ef80a803e9a0d72df6f3a7783465c87e34870f6301553a399d1da58c3bcf74f/generated/encoding-utf16be.db
test/fixtures/generations/g-6ef80a803e9a0d72df6f3a7783465c87e34870f6301553a399d1da58c3bcf74f/generated/encoding-utf16le.db
test/fixtures/generations/g-6ef80a803e9a0d72df6f3a7783465c87e34870f6301553a399d1da58c3bcf74f/generated/encoding-utf8.db
test/fixtures/generations/g-6ef80a803e9a0d72df6f3a7783465c87e34870f6301553a399d1da58c3bcf74f/generated/expr-func.db
test/fixtures/generations/g-6ef80a803e9a0d72df6f3a7783465c87e34870f6301553a399d1da58c3bcf74f/generated/expr-relational.db
test/fixtures/generations/g-6ef80a803e9a0d72df6f3a7783465c87e34870f6301553a399d1da58c3bcf74f/generated/expr-where.db
test/fixtures/generations/g-6ef80a803e9a0d72df6f3a7783465c87e34870f6301553a399d1da58c3bcf74f/generated/meta.db
test/fixtures/generations/g-6ef80a803e9a0d72df6f3a7783465c87e34870f6301553a399d1da58c3bcf74f/generated/readonly.db
test/fixtures/generations/g-6ef80a803e9a0d72df6f3a7783465c87e34870f6301553a399d1da58c3bcf74f/generated/select1-one.db
test/fixtures/generations/g-6ef80a803e9a0d72df6f3a7783465c87e34870f6301553a399d1da58c3bcf74f/generated/select1-where.db
test/fixtures/generations/g-6ef80a803e9a0d72df6f3a7783465c87e34870f6301553a399d1da58c3bcf74f/generated/select4-t1.db
test/fixtures/generations/g-6ef80a803e9a0d72df6f3a7783465c87e34870f6301553a399d1da58c3bcf74f/generated/storage-p1024.db
test/fixtures/generations/g-6ef80a803e9a0d72df6f3a7783465c87e34870f6301553a399d1da58c3bcf74f/generated/storage-p16384.db
test/fixtures/generations/g-6ef80a803e9a0d72df6f3a7783465c87e34870f6301553a399d1da58c3bcf74f/generated/storage-p2048.db
test/fixtures/generations/g-6ef80a803e9a0d72df6f3a7783465c87e34870f6301553a399d1da58c3bcf74f/generated/storage-p32768.db
test/fixtures/generations/g-6ef80a803e9a0d72df6f3a7783465c87e34870f6301553a399d1da58c3bcf74f/generated/storage-p4096-utf16be.db
test/fixtures/generations/g-6ef80a803e9a0d72df6f3a7783465c87e34870f6301553a399d1da58c3bcf74f/generated/storage-p4096-utf16le.db
test/fixtures/generations/g-6ef80a803e9a0d72df6f3a7783465c87e34870f6301553a399d1da58c3bcf74f/generated/storage-p4096.db
test/fixtures/generations/g-6ef80a803e9a0d72df6f3a7783465c87e34870f6301553a399d1da58c3bcf74f/generated/storage-p512.db
test/fixtures/generations/g-6ef80a803e9a0d72df6f3a7783465c87e34870f6301553a399d1da58c3bcf74f/generated/storage-p65536.db
test/fixtures/generations/g-6ef80a803e9a0d72df6f3a7783465c87e34870f6301553a399d1da58c3bcf74f/generated/storage-p8192.db
test/fixtures/generations/g-6ef80a803e9a0d72df6f3a7783465c87e34870f6301553a399d1da58c3bcf74f/generated/subquery-utf16be.db
test/fixtures/generations/g-6ef80a803e9a0d72df6f3a7783465c87e34870f6301553a399d1da58c3bcf74f/generated/subquery-utf16le.db
test/fixtures/generations/g-6ef80a803e9a0d72df6f3a7783465c87e34870f6301553a399d1da58c3bcf74f/generated/subquery-utf8.db
test/fixtures/generations/g-88a5ac73e417de7fb7eddad79134d3dbfa74ae2e5c2b430b495187e173b01412/catalog.json
test/fixtures/generations/g-88a5ac73e417de7fb7eddad79134d3dbfa74ae2e5c2b430b495187e173b01412/generated/bind.db
test/fixtures/generations/g-88a5ac73e417de7fb7eddad79134d3dbfa74ae2e5c2b430b495187e173b01412/generated/close.db
test/fixtures/generations/g-88a5ac73e417de7fb7eddad79134d3dbfa74ae2e5c2b430b495187e173b01412/generated/compound-collation.db
test/fixtures/generations/g-88a5ac73e417de7fb7eddad79134d3dbfa74ae2e5c2b430b495187e173b01412/generated/compound-metadata.db
test/fixtures/generations/g-88a5ac73e417de7fb7eddad79134d3dbfa74ae2e5c2b430b495187e173b01412/generated/distinct-t3.db
test/fixtures/generations/g-88a5ac73e417de7fb7eddad79134d3dbfa74ae2e5c2b430b495187e173b01412/generated/empty.db
test/fixtures/generations/g-88a5ac73e417de7fb7eddad79134d3dbfa74ae2e5c2b430b495187e173b01412/generated/encoding-utf16be.db
test/fixtures/generations/g-88a5ac73e417de7fb7eddad79134d3dbfa74ae2e5c2b430b495187e173b01412/generated/encoding-utf16le.db
test/fixtures/generations/g-88a5ac73e417de7fb7eddad79134d3dbfa74ae2e5c2b430b495187e173b01412/generated/encoding-utf8.db
test/fixtures/generations/g-88a5ac73e417de7fb7eddad79134d3dbfa74ae2e5c2b430b495187e173b01412/generated/expr-func.db
test/fixtures/generations/g-88a5ac73e417de7fb7eddad79134d3dbfa74ae2e5c2b430b495187e173b01412/generated/expr-relational.db
test/fixtures/generations/g-88a5ac73e417de7fb7eddad79134d3dbfa74ae2e5c2b430b495187e173b01412/generated/expr-where.db
test/fixtures/generations/g-88a5ac73e417de7fb7eddad79134d3dbfa74ae2e5c2b430b495187e173b01412/generated/meta.db
test/fixtures/generations/g-88a5ac73e417de7fb7eddad79134d3dbfa74ae2e5c2b430b495187e173b01412/generated/readonly.db
test/fixtures/generations/g-88a5ac73e417de7fb7eddad79134d3dbfa74ae2e5c2b430b495187e173b01412/generated/select1-one.db
test/fixtures/generations/g-88a5ac73e417de7fb7eddad79134d3dbfa74ae2e5c2b430b495187e173b01412/generated/select1-where.db
test/fixtures/generations/g-88a5ac73e417de7fb7eddad79134d3dbfa74ae2e5c2b430b495187e173b01412/generated/select4-t1.db
test/fixtures/generations/g-88a5ac73e417de7fb7eddad79134d3dbfa74ae2e5c2b430b495187e173b01412/generated/storage-p1024.db
test/fixtures/generations/g-88a5ac73e417de7fb7eddad79134d3dbfa74ae2e5c2b430b495187e173b01412/generated/storage-p16384.db
test/fixtures/generations/g-88a5ac73e417de7fb7eddad79134d3dbfa74ae2e5c2b430b495187e173b01412/generated/storage-p2048.db
test/fixtures/generations/g-88a5ac73e417de7fb7eddad79134d3dbfa74ae2e5c2b430b495187e173b01412/generated/storage-p32768.db
test/fixtures/generations/g-88a5ac73e417de7fb7eddad79134d3dbfa74ae2e5c2b430b495187e173b01412/generated/storage-p4096-utf16be.db
test/fixtures/generations/g-88a5ac73e417de7fb7eddad79134d3dbfa74ae2e5c2b430b495187e173b01412/generated/storage-p4096-utf16le.db
test/fixtures/generations/g-88a5ac73e417de7fb7eddad79134d3dbfa74ae2e5c2b430b495187e173b01412/generated/storage-p4096.db
test/fixtures/generations/g-88a5ac73e417de7fb7eddad79134d3dbfa74ae2e5c2b430b495187e173b01412/generated/storage-p512.db
test/fixtures/generations/g-88a5ac73e417de7fb7eddad79134d3dbfa74ae2e5c2b430b495187e173b01412/generated/storage-p65536.db
test/fixtures/generations/g-88a5ac73e417de7fb7eddad79134d3dbfa74ae2e5c2b430b495187e173b01412/generated/storage-p8192.db
test/fixtures/generations/g-a71eed185834c980897e57beb61b84157f8a92a3621e242e85389b88f2570fc7/catalog.json
test/fixtures/generations/g-a71eed185834c980897e57beb61b84157f8a92a3621e242e85389b88f2570fc7/generated/bind.db
test/fixtures/generations/g-a71eed185834c980897e57beb61b84157f8a92a3621e242e85389b88f2570fc7/generated/close.db
test/fixtures/generations/g-a71eed185834c980897e57beb61b84157f8a92a3621e242e85389b88f2570fc7/generated/empty.db
test/fixtures/generations/g-a71eed185834c980897e57beb61b84157f8a92a3621e242e85389b88f2570fc7/generated/encoding-utf16be.db
test/fixtures/generations/g-a71eed185834c980897e57beb61b84157f8a92a3621e242e85389b88f2570fc7/generated/encoding-utf16le.db
test/fixtures/generations/g-a71eed185834c980897e57beb61b84157f8a92a3621e242e85389b88f2570fc7/generated/encoding-utf8.db
test/fixtures/generations/g-a71eed185834c980897e57beb61b84157f8a92a3621e242e85389b88f2570fc7/generated/expr-func.db
test/fixtures/generations/g-a71eed185834c980897e57beb61b84157f8a92a3621e242e85389b88f2570fc7/generated/expr-where.db
test/fixtures/generations/g-a71eed185834c980897e57beb61b84157f8a92a3621e242e85389b88f2570fc7/generated/meta.db
test/fixtures/generations/g-a71eed185834c980897e57beb61b84157f8a92a3621e242e85389b88f2570fc7/generated/readonly.db
test/fixtures/generations/g-a71eed185834c980897e57beb61b84157f8a92a3621e242e85389b88f2570fc7/generated/select1-one.db
test/fixtures/generations/g-a71eed185834c980897e57beb61b84157f8a92a3621e242e85389b88f2570fc7/generated/select1-where.db
test/fixtures/generations/g-a71eed185834c980897e57beb61b84157f8a92a3621e242e85389b88f2570fc7/generated/storage-p1024.db
test/fixtures/generations/g-a71eed185834c980897e57beb61b84157f8a92a3621e242e85389b88f2570fc7/generated/storage-p16384.db
test/fixtures/generations/g-a71eed185834c980897e57beb61b84157f8a92a3621e242e85389b88f2570fc7/generated/storage-p2048.db
test/fixtures/generations/g-a71eed185834c980897e57beb61b84157f8a92a3621e242e85389b88f2570fc7/generated/storage-p32768.db
test/fixtures/generations/g-a71eed185834c980897e57beb61b84157f8a92a3621e242e85389b88f2570fc7/generated/storage-p4096-utf16be.db
test/fixtures/generations/g-a71eed185834c980897e57beb61b84157f8a92a3621e242e85389b88f2570fc7/generated/storage-p4096-utf16le.db
test/fixtures/generations/g-a71eed185834c980897e57beb61b84157f8a92a3621e242e85389b88f2570fc7/generated/storage-p4096.db
test/fixtures/generations/g-a71eed185834c980897e57beb61b84157f8a92a3621e242e85389b88f2570fc7/generated/storage-p512.db
test/fixtures/generations/g-a71eed185834c980897e57beb61b84157f8a92a3621e242e85389b88f2570fc7/generated/storage-p65536.db
test/fixtures/generations/g-a71eed185834c980897e57beb61b84157f8a92a3621e242e85389b88f2570fc7/generated/storage-p8192.db
test/fixtures/generations/g-f4fcb281b7c70d0e60f2eecefed001bcb145543c9372e64e6a50a571c08686c1/catalog.json
test/fixtures/generations/g-f4fcb281b7c70d0e60f2eecefed001bcb145543c9372e64e6a50a571c08686c1/generated/bind.db
test/fixtures/generations/g-f4fcb281b7c70d0e60f2eecefed001bcb145543c9372e64e6a50a571c08686c1/generated/close.db
test/fixtures/generations/g-f4fcb281b7c70d0e60f2eecefed001bcb145543c9372e64e6a50a571c08686c1/generated/empty.db
test/fixtures/generations/g-f4fcb281b7c70d0e60f2eecefed001bcb145543c9372e64e6a50a571c08686c1/generated/encoding-utf16be.db
test/fixtures/generations/g-f4fcb281b7c70d0e60f2eecefed001bcb145543c9372e64e6a50a571c08686c1/generated/encoding-utf16le.db
test/fixtures/generations/g-f4fcb281b7c70d0e60f2eecefed001bcb145543c9372e64e6a50a571c08686c1/generated/encoding-utf8.db
test/fixtures/generations/g-f4fcb281b7c70d0e60f2eecefed001bcb145543c9372e64e6a50a571c08686c1/generated/meta.db
test/fixtures/generations/g-f4fcb281b7c70d0e60f2eecefed001bcb145543c9372e64e6a50a571c08686c1/generated/readonly.db
test/fixtures/generations/g-f4fcb281b7c70d0e60f2eecefed001bcb145543c9372e64e6a50a571c08686c1/generated/select1-one.db
test/fixtures/generations/g-f4fcb281b7c70d0e60f2eecefed001bcb145543c9372e64e6a50a571c08686c1/generated/select1-where.db
test/fixtures/generations/g-f4fcb281b7c70d0e60f2eecefed001bcb145543c9372e64e6a50a571c08686c1/generated/storage-p1024.db
test/fixtures/generations/g-f4fcb281b7c70d0e60f2eecefed001bcb145543c9372e64e6a50a571c08686c1/generated/storage-p16384.db
test/fixtures/generations/g-f4fcb281b7c70d0e60f2eecefed001bcb145543c9372e64e6a50a571c08686c1/generated/storage-p2048.db
test/fixtures/generations/g-f4fcb281b7c70d0e60f2eecefed001bcb145543c9372e64e6a50a571c08686c1/generated/storage-p32768.db
test/fixtures/generations/g-f4fcb281b7c70d0e60f2eecefed001bcb145543c9372e64e6a50a571c08686c1/generated/storage-p4096-utf16be.db
test/fixtures/generations/g-f4fcb281b7c70d0e60f2eecefed001bcb145543c9372e64e6a50a571c08686c1/generated/storage-p4096-utf16le.db
test/fixtures/generations/g-f4fcb281b7c70d0e60f2eecefed001bcb145543c9372e64e6a50a571c08686c1/generated/storage-p4096.db
test/fixtures/generations/g-f4fcb281b7c70d0e60f2eecefed001bcb145543c9372e64e6a50a571c08686c1/generated/storage-p512.db
test/fixtures/generations/g-f4fcb281b7c70d0e60f2eecefed001bcb145543c9372e64e6a50a571c08686c1/generated/storage-p65536.db
test/fixtures/generations/g-f4fcb281b7c70d0e60f2eecefed001bcb145543c9372e64e6a50a571c08686c1/generated/storage-p8192.db
test/fixtures/generations/g-fee22cf861600cad6529c65e4a6561aeedca2a0405e64643575b7752aa9d2fd0/catalog.json
test/fixtures/generations/g-fee22cf861600cad6529c65e4a6561aeedca2a0405e64643575b7752aa9d2fd0/generated/bind.db
test/fixtures/generations/g-fee22cf861600cad6529c65e4a6561aeedca2a0405e64643575b7752aa9d2fd0/generated/close.db
test/fixtures/generations/g-fee22cf861600cad6529c65e4a6561aeedca2a0405e64643575b7752aa9d2fd0/generated/compound-collation.db
test/fixtures/generations/g-fee22cf861600cad6529c65e4a6561aeedca2a0405e64643575b7752aa9d2fd0/generated/compound-metadata.db
test/fixtures/generations/g-fee22cf861600cad6529c65e4a6561aeedca2a0405e64643575b7752aa9d2fd0/generated/distinct-t3.db
test/fixtures/generations/g-fee22cf861600cad6529c65e4a6561aeedca2a0405e64643575b7752aa9d2fd0/generated/empty.db
test/fixtures/generations/g-fee22cf861600cad6529c65e4a6561aeedca2a0405e64643575b7752aa9d2fd0/generated/encoding-utf16be.db
test/fixtures/generations/g-fee22cf861600cad6529c65e4a6561aeedca2a0405e64643575b7752aa9d2fd0/generated/encoding-utf16le.db
test/fixtures/generations/g-fee22cf861600cad6529c65e4a6561aeedca2a0405e64643575b7752aa9d2fd0/generated/encoding-utf8.db
test/fixtures/generations/g-fee22cf861600cad6529c65e4a6561aeedca2a0405e64643575b7752aa9d2fd0/generated/expr-func.db
test/fixtures/generations/g-fee22cf861600cad6529c65e4a6561aeedca2a0405e64643575b7752aa9d2fd0/generated/expr-relational.db
test/fixtures/generations/g-fee22cf861600cad6529c65e4a6561aeedca2a0405e64643575b7752aa9d2fd0/generated/expr-where.db
test/fixtures/generations/g-fee22cf861600cad6529c65e4a6561aeedca2a0405e64643575b7752aa9d2fd0/generated/meta.db
test/fixtures/generations/g-fee22cf861600cad6529c65e4a6561aeedca2a0405e64643575b7752aa9d2fd0/generated/readonly.db
test/fixtures/generations/g-fee22cf861600cad6529c65e4a6561aeedca2a0405e64643575b7752aa9d2fd0/generated/select1-one.db
test/fixtures/generations/g-fee22cf861600cad6529c65e4a6561aeedca2a0405e64643575b7752aa9d2fd0/generated/select1-where.db
test/fixtures/generations/g-fee22cf861600cad6529c65e4a6561aeedca2a0405e64643575b7752aa9d2fd0/generated/select4-t1.db
test/fixtures/generations/g-fee22cf861600cad6529c65e4a6561aeedca2a0405e64643575b7752aa9d2fd0/generated/storage-p1024.db
test/fixtures/generations/g-fee22cf861600cad6529c65e4a6561aeedca2a0405e64643575b7752aa9d2fd0/generated/storage-p16384.db
test/fixtures/generations/g-fee22cf861600cad6529c65e4a6561aeedca2a0405e64643575b7752aa9d2fd0/generated/storage-p2048.db
test/fixtures/generations/g-fee22cf861600cad6529c65e4a6561aeedca2a0405e64643575b7752aa9d2fd0/generated/storage-p32768.db
test/fixtures/generations/g-fee22cf861600cad6529c65e4a6561aeedca2a0405e64643575b7752aa9d2fd0/generated/storage-p4096-utf16be.db
test/fixtures/generations/g-fee22cf861600cad6529c65e4a6561aeedca2a0405e64643575b7752aa9d2fd0/generated/storage-p4096-utf16le.db
test/fixtures/generations/g-fee22cf861600cad6529c65e4a6561aeedca2a0405e64643575b7752aa9d2fd0/generated/storage-p4096.db
test/fixtures/generations/g-fee22cf861600cad6529c65e4a6561aeedca2a0405e64643575b7752aa9d2fd0/generated/storage-p512.db
test/fixtures/generations/g-fee22cf861600cad6529c65e4a6561aeedca2a0405e64643575b7752aa9d2fd0/generated/storage-p65536.db
test/fixtures/generations/g-fee22cf861600cad6529c65e4a6561aeedca2a0405e64643575b7752aa9d2fd0/generated/storage-p8192.db
test/fixtures/generations/g-fee22cf861600cad6529c65e4a6561aeedca2a0405e64643575b7752aa9d2fd0/generated/subquery-utf16be.db
test/fixtures/generations/g-fee22cf861600cad6529c65e4a6561aeedca2a0405e64643575b7752aa9d2fd0/generated/subquery-utf16le.db
test/fixtures/generations/g-fee22cf861600cad6529c65e4a6561aeedca2a0405e64643575b7752aa9d2fd0/generated/subquery-utf8.db
test/fixtures/in-list/manifest.json
test/fixtures/in-list/orders-utf16be.db
test/fixtures/in-list/orders-utf16le.db
test/fixtures/in-list/orders-utf8.db
test/fixtures/public-catalog/utf-16be.db
test/fixtures/public-catalog/utf-16le.db
test/fixtures/public-catalog/utf-8.db
test/fixtures/public/chinook.json
test/fixtures/readonly.db
test/fixtures/real-affinity/manifest.json
test/fixtures/real-affinity/utf16be.db
test/fixtures/real-affinity/utf16le.db
test/fixtures/real-affinity/utf8.db
test/fixtures/special-window/empty.db
test/fixtures/special-window/manifest.json
test/fixtures/special-window/matrix-utf-16be.db
test/fixtures/special-window/matrix-utf-16le.db
test/fixtures/special-window/matrix.db
test/fixtures/special-window/w2.db
test/fixtures/special-window/w6.db
test/fixtures/special-window/w7.db
test/integration-runner.test.py
test/oracle/generate-fixtures.test.py
test/oracle/jsonl.test.py
test/oracle/protocol.test.py
test/oracle/schema-identifier-case.test.py
test/oracle/storage-fixtures.test.py
test/package-boundary.test.py
test/package-distributable.test.mjs
test/parser/generator.test.mjs
test/parser/resolver.test.mjs
test/parser/tokenizer-parser.test.mjs
test/parser/window-graph.test.mjs
test/schema/capture-public-catalog.py
test/schema/catalog-init.test.mjs
test/schema/public-catalog-lifecycle.test.mjs
test/schema/public-catalog-native.json
test/schema/public-catalog.test.mjs
test/schema/sqlite-utf.test.mjs
test/select/first-select.test.mjs
test/select/real-column-affinity.test.mjs
test/select/transient-column-names.test.mjs
test/storage/btree-reader.test.mjs
test/storage/record-primitives.test.mjs
test/value/comparison.test.mjs
test/value/mem-core.test.mjs
test/value/mem-numeric.test.mjs
test/value/private-state.test.mjs
test/value/vdbe-primitives.test.mjs
tools/fetch-chinook.mjs
tools/oracle/build.sh
tools/oracle/generate-fixtures.py
tools/oracle/jsonl-oracle.py
tools/oracle/sqlite_fixture.c
tools/oracle/sqlite_oracle.c
tools/oracle/verify-source.py
tools/package/build.mjs
tools/parser-profile.json
tools/parser/generate.mjs
tools/test/card-k-h-b-export.py
tools/test/integration.py
tsconfig.build.json
tsconfig.json
